Resolved Monte Carlo train seeds: [1, 2]
Resolved Monte Carlo test seed: 3
[DL Monte Carlo Dataset] | phase=collect | seed=1 | base_dataset=channel_episode_only
[DL Monte Carlo Dataset] | phase=collect | seed=2 | base_dataset=channel_episode_only
[DL Monte Carlo Train] | phase=start | scope=joint | channel_episodes=2 | channel_episodes_per_user=[2, 2, 2] | epochs=120 | batch_size=32 | precoder_net_scope=per_user_nets
[DL Monte Carlo] | phase=train | method=monte_carlo | scope=joint | epoch=1/120 | objective=-2.774437 | sum_rate=10.741491 | avg_user_rate=4.751630 | r_p=8.161245 | r_c=6.169319 | r_s=inf | status=running
[DL Monte Carlo] | phase=train | method=monte_carlo | scope=joint | epoch=5/120 | objective=234.388138 | sum_rate=16.007153 | avg_user_rate=14.018256 | r_p=40.359499 | r_c=419.757379 | r_s=0.047473 | status=running
[DL Monte Carlo] | phase=train | method=monte_carlo | scope=joint | epoch=10/120 | objective=832.585379 | sum_rate=17.602066 | avg_user_rate=15.892069 | r_p=49.930761 | r_c=1239.430492 | r_s=0.043415 | status=running
[DL Monte Carlo] | phase=train | method=monte_carlo | scope=joint | epoch=15/120 | objective=1508.613155 | sum_rate=17.594286 | avg_user_rate=16.183310 | r_p=60.212509 | r_c=2450.734157 | r_s=0.061982 | status=running
[DL Monte Carlo] | phase=train | method=monte_carlo | scope=joint | epoch=20/120 | objective=2495.296446 | sum_rate=18.545420 | avg_user_rate=15.219325 | r_p=67.653241 | r_c=4171.406919 | r_s=0.023296 | status=running
[DL Monte Carlo] | phase=train | method=monte_carlo | scope=joint | epoch=25/120 | objective=3546.028591 | sum_rate=18.813600 | avg_user_rate=17.306290 | r_p=64.048532 | r_c=3960.825390 | r_s=0.032483 | status=running
[DL Monte Carlo] | phase=train | method=monte_carlo | scope=joint | epoch=30/120 | objective=6141.319330 | sum_rate=19.076541 | avg_user_rate=17.973061 | r_p=66.799023 | r_c=7892.972582 | r_s=0.027078 | status=running
[DL Monte Carlo] | phase=train | method=monte_carlo | scope=joint | epoch=35/120 | objective=7693.081903 | sum_rate=19.466154 | avg_user_rate=18.516833 | r_p=66.224734 | r_c=8357.422121 | r_s=0.012274 | status=running
[DL Monte Carlo] | phase=train | method=monte_carlo | scope=joint | epoch=40/120 | objective=8462.441722 | sum_rate=19.556897 | avg_user_rate=18.528817 | r_p=61.027301 | r_c=9863.355938 | r_s=0.012031 | status=running
[DL Monte Carlo] | phase=train | method=monte_carlo | scope=joint | epoch=45/120 | objective=1.023599e+04 | sum_rate=19.248041 | avg_user_rate=18.220393 | r_p=61.212358 | r_c=1.131887e+04 | r_s=0.006836 | status=running
[DL Monte Carlo] | phase=train | method=monte_carlo | scope=joint | epoch=50/120 | objective=1.101539e+04 | sum_rate=19.336301 | avg_user_rate=18.435204 | r_p=59.198304 | r_c=1.201373e+04 | r_s=0.007771 | status=running
[DL Monte Carlo] | phase=train | method=monte_carlo | scope=joint | epoch=55/120 | objective=1.218823e+04 | sum_rate=19.273801 | avg_user_rate=18.286365 | r_p=59.515152 | r_c=1.338083e+04 | r_s=0.007442 | status=running
[DL Monte Carlo] | phase=train | method=monte_carlo | scope=joint | epoch=60/120 | objective=1.379941e+04 | sum_rate=19.342027 | avg_user_rate=18.292044 | r_p=61.548868 | r_c=1.562367e+04 | r_s=0.005874 | status=running
[DL Monte Carlo] | phase=train | method=monte_carlo | scope=joint | epoch=65/120 | objective=1.426193e+04 | sum_rate=19.399458 | avg_user_rate=18.456400 | r_p=55.553913 | r_c=1.538925e+04 | r_s=0.007558 | status=running
[DL Monte Carlo] | phase=train | method=monte_carlo | scope=joint | epoch=70/120 | objective=1.667164e+04 | sum_rate=19.276995 | avg_user_rate=18.260531 | r_p=61.665258 | r_c=1.760198e+04 | r_s=0.006319 | status=running
[DL Monte Carlo] | phase=train | method=monte_carlo | scope=joint | epoch=75/120 | objective=1.640172e+04 | sum_rate=19.478270 | avg_user_rate=18.491970 | r_p=59.583974 | r_c=1.913603e+04 | r_s=0.006812 | status=running
[DL Monte Carlo] | phase=train | method=monte_carlo | scope=joint | epoch=80/120 | objective=1.853315e+04 | sum_rate=19.292229 | avg_user_rate=18.305327 | r_p=60.400891 | r_c=2.035831e+04 | r_s=0.006511 | status=running
[DL Monte Carlo] | phase=train | method=monte_carlo | scope=joint | epoch=85/120 | objective=1.951588e+04 | sum_rate=19.337090 | avg_user_rate=18.319819 | r_p=60.847619 | r_c=2.236640e+04 | r_s=0.004666 | status=running
[DL Monte Carlo] | phase=train | method=monte_carlo | scope=joint | epoch=90/120 | objective=2.089097e+04 | sum_rate=19.263421 | avg_user_rate=18.252200 | r_p=59.583888 | r_c=2.320047e+04 | r_s=0.005407 | status=running
[DL Monte Carlo] | phase=train | method=monte_carlo | scope=joint | epoch=95/120 | objective=2.242722e+04 | sum_rate=19.211999 | avg_user_rate=18.253379 | r_p=62.249788 | r_c=2.350650e+04 | r_s=0.004650 | status=running
[DL Monte Carlo] | phase=train | method=monte_carlo | scope=joint | epoch=100/120 | objective=2.411767e+04 | sum_rate=19.191090 | avg_user_rate=18.165006 | r_p=60.497357 | r_c=2.581675e+04 | r_s=0.003767 | status=running
[DL Monte Carlo] | phase=train | method=monte_carlo | scope=joint | epoch=105/120 | objective=2.515255e+04 | sum_rate=19.273033 | avg_user_rate=18.279593 | r_p=57.770801 | r_c=2.664271e+04 | r_s=0.008878 | status=running
[DL Monte Carlo] | phase=train | method=monte_carlo | scope=joint | epoch=110/120 | objective=2.620865e+04 | sum_rate=19.187265 | avg_user_rate=18.188097 | r_p=58.925099 | r_c=2.859442e+04 | r_s=0.018032 | status=running
[DL Monte Carlo] | phase=train | method=monte_carlo | scope=joint | epoch=115/120 | objective=2.830815e+04 | sum_rate=19.153511 | avg_user_rate=18.107333 | r_p=61.035853 | r_c=3.089321e+04 | r_s=0.007617 | status=running
[DL Monte Carlo] | phase=train | method=monte_carlo | scope=joint | epoch=120/120 | objective=2.873649e+04 | sum_rate=19.223516 | avg_user_rate=18.207895 | r_p=59.552705 | r_c=3.156487e+04 | r_s=0.003452 | status=running
[DL Initial Baseline] | seed=3 | scenario=payload_completion | method=monte_carlo | users=3 | initial_total_latency=0.305000 | initial_avg_latency=0.101667 | initial_min_latency=0.069867 | initial_max_latency=0.135667
[DL Monte Carlo Eval] | block=0 | active_users=3 | remaining_bits=6000 | mode=payload_completion
[DL Monte Carlo Eval] | block=0 | skipped_users=[0, 1]
[DL Monte Carlo Allocation] | user=0 | block=0 | status=skipped
[DL Monte Carlo Allocation] | user=1 | block=0 | status=skipped
[DL Monte Carlo Allocation] | user=2 | block=0 | served_bits=935 | n_kl=80 | required_rate=11.687500 | achieved_rate=11.695100
[DL Monte Carlo Eval] | block=0 | status=complete | allocated_bits=935 | remaining_bits=5065
[DL Monte Carlo Eval] | block=1 | active_users=3 | remaining_bits=5065 | mode=payload_completion
[DL Monte Carlo Eval] | block=1 | skipped_users=[0, 1]
[DL Monte Carlo Allocation] | user=0 | block=1 | status=skipped
[DL Monte Carlo Allocation] | user=1 | block=1 | status=skipped
[DL Monte Carlo Allocation] | user=2 | block=1 | served_bits=1031 | n_kl=80 | required_rate=12.887500 | achieved_rate=12.889797
[DL Monte Carlo Eval] | block=1 | status=complete | allocated_bits=1031 | remaining_bits=4034
[DL Monte Carlo Eval] | block=2 | active_users=3 | remaining_bits=4034 | mode=payload_completion
[DL Monte Carlo Eval] | block=2 | skipped_users=[0, 1]
[DL Monte Carlo Allocation] | user=0 | block=2 | status=skipped
[DL Monte Carlo Allocation] | user=1 | block=2 | status=skipped
[DL Monte Carlo Allocation] | user=2 | block=2 | served_bits=793 | n_kl=80 | required_rate=9.912500 | achieved_rate=9.917802
[DL Monte Carlo Eval] | block=2 | status=complete | allocated_bits=793 | remaining_bits=3241
[DL Monte Carlo Eval] | block=3 | active_users=3 | remaining_bits=3241 | mode=payload_completion
[DL Monte Carlo Eval] | block=3 | skipped_users=[0, 1]
[DL Monte Carlo Allocation] | user=0 | block=3 | status=skipped
[DL Monte Carlo Allocation] | user=1 | block=3 | status=skipped
[DL Monte Carlo Allocation] | user=2 | block=3 | served_bits=241 | n_kl=27 | required_rate=8.925926 | achieved_rate=9.175569
[DL Monte Carlo Eval] | block=3 | status=complete | allocated_bits=241 | remaining_bits=3000
[DL Monte Carlo Eval] | block=4 | active_users=2 | remaining_bits=3000 | mode=payload_completion
[DL Monte Carlo Allocation] | user=0 | block=4 | served_bits=76 | n_kl=50 | required_rate=1.520000 | achieved_rate=1.521785
[DL Monte Carlo Allocation] | user=1 | block=4 | served_bits=257 | n_kl=60 | required_rate=4.283333 | achieved_rate=4.295465
[DL Monte Carlo Eval] | block=4 | status=complete | allocated_bits=333 | remaining_bits=2667
[DL Monte Carlo Eval] | block=5 | active_users=2 | remaining_bits=2667 | mode=payload_completion
[DL Monte Carlo Allocation] | user=0 | block=5 | served_bits=300 | n_kl=50 | required_rate=6.000000 | achieved_rate=6.016347
[DL Monte Carlo Allocation] | user=1 | block=5 | served_bits=66 | n_kl=60 | required_rate=1.100000 | achieved_rate=1.107391
[DL Monte Carlo Eval] | block=5 | status=complete | allocated_bits=366 | remaining_bits=2301
[DL Monte Carlo Eval] | block=6 | active_users=2 | remaining_bits=2301 | mode=payload_completion
[DL Monte Carlo Eval] | block=6 | skipped_users=[0]
[DL Monte Carlo Allocation] | user=0 | block=6 | status=skipped
[DL Monte Carlo Allocation] | user=1 | block=6 | served_bits=709 | n_kl=60 | required_rate=11.816667 | achieved_rate=11.827984
[DL Monte Carlo Eval] | block=6 | status=complete | allocated_bits=709 | remaining_bits=1592
[DL Monte Carlo Eval] | block=7 | active_users=2 | remaining_bits=1592 | mode=payload_completion
[DL Monte Carlo Allocation] | user=0 | block=7 | served_bits=103 | n_kl=50 | required_rate=2.060000 | achieved_rate=2.069057
[DL Monte Carlo Allocation] | user=1 | block=7 | served_bits=283 | n_kl=60 | required_rate=4.716667 | achieved_rate=4.722534
[DL Monte Carlo Eval] | block=7 | status=complete | allocated_bits=386 | remaining_bits=1206
[DL Monte Carlo Eval] | block=8 | active_users=2 | remaining_bits=1206 | mode=payload_completion
[DL Monte Carlo Eval] | block=8 | skipped_users=[0]
[DL Monte Carlo Allocation] | user=0 | block=8 | status=skipped
[DL Monte Carlo Allocation] | user=1 | block=8 | served_bits=592 | n_kl=60 | required_rate=9.866667 | achieved_rate=9.878528
[DL Monte Carlo Eval] | block=8 | status=complete | allocated_bits=592 | remaining_bits=614
[DL Monte Carlo Eval] | block=9 | active_users=2 | remaining_bits=614 | mode=payload_completion
[DL Monte Carlo Eval] | block=9 | skipped_users=[0]
[DL Monte Carlo Allocation] | user=0 | block=9 | status=skipped
[DL Monte Carlo Allocation] | user=1 | block=9 | served_bits=93 | n_kl=11 | required_rate=8.454545 | achieved_rate=8.878314
[DL Monte Carlo Eval] | block=9 | status=complete | allocated_bits=93 | remaining_bits=521
[DL Monte Carlo Eval] | block=10 | active_users=1 | remaining_bits=521 | mode=payload_completion
[DL Monte Carlo Allocation] | user=0 | block=10 | served_bits=521 | n_kl=43 | required_rate=12.116279 | achieved_rate=12.277723
[DL Monte Carlo Eval] | block=10 | status=complete | allocated_bits=521 | remaining_bits=0
Traceback (most recent call last):
  File "C:\All Codes\Taiwan_Internship\UL_UPLINK_DOWNLINK_MONTE_CARLO\Downlink\Methods\Monte Carlo\main.py", line 634, in <module>
    main()
  File "C:\All Codes\Taiwan_Internship\UL_UPLINK_DOWNLINK_MONTE_CARLO\Downlink\Methods\Monte Carlo\main.py", line 615, in main
    _build_summary_lines(result, run_meta["cfg_path"], int(test_seed)),
    ^^^^^^^^^^^^^^^^^^^^^^^^^^^^^^^^^^^^^^^^^^^^^^^^^^^^^^^^^^^^^^^^^^
  File "C:\All Codes\Taiwan_Internship\UL_UPLINK_DOWNLINK_MONTE_CARLO\Downlink\Methods\Monte Carlo\main.py", line 293, in _build_summary_lines
    lines.extend(_build_final_test_summary_lines(result))
                 ^^^^^^^^^^^^^^^^^^^^^^^^^^^^^^^^^^^^^^^
  File "C:\All Codes\Taiwan_Internship\UL_UPLINK_DOWNLINK_MONTE_CARLO\Downlink\Methods\Monte Carlo\main.py", line 218, in _build_final_test_summary_lines
    if metrics.get("scenario_mode", "") == FIXED_BLOCK_TARGETS_MODE:
                                           ^^^^^^^^^^^^^^^^^^^^^^^^
NameError: name 'FIXED_BLOCK_TARGETS_MODE' is not defined
