Traceback (most recent call last):
  File "C:\All Codes\Taiwan_Internship\UL_UPLINK_DOWNLINK_MONTE_CARLO\Downlink\Methods\Convergence per epoch\main.py", line 11, in <module>
    runpy.run_path(str(LEGACY_MAIN), run_name="__main__")
  File "<frozen runpy>", line 291, in run_path
  File "<frozen runpy>", line 98, in _run_module_code
  File "<frozen runpy>", line 88, in _run_code
  File "C:\All Codes\Taiwan_Internship\UL_UPLINK_DOWNLINK_MONTE_CARLO\Downlink\Methods\Convergence per sweep\main.py", line 17, in <module>
    from experiment_runner import build_result_tag, run_downlink_experiment
  File "C:\All Codes\Taiwan_Internship\UL_UPLINK_DOWNLINK_MONTE_CARLO\Downlink\experiment_runner.py", line 10, in <module>
    from determinism import configure_determinism
  File "C:\All Codes\Taiwan_Internship\UL_UPLINK_DOWNLINK_MONTE_CARLO\Downlink\determinism.py", line 9, in <module>
    import torch
  File "C:\Users\shani\AppData\Local\Programs\Python\Python311\Lib\site-packages\torch\__init__.py", line 2787, in <module>
    from torch import (
  File "C:\Users\shani\AppData\Local\Programs\Python\Python311\Lib\site-packages\torch\export\__init__.py", line 42, in <module>
    from .decomp_utils import CustomDecompTable
  File "C:\Users\shani\AppData\Local\Programs\Python\Python311\Lib\site-packages\torch\export\decomp_utils.py", line 5, in <module>
    from torch._export.utils import (
  File "C:\Users\shani\AppData\Local\Programs\Python\Python311\Lib\site-packages\torch\_export\__init__.py", line 49, in <module>
    from .wrappers import _wrap_submodules
  File "C:\Users\shani\AppData\Local\Programs\Python\Python311\Lib\site-packages\torch\_export\wrappers.py", line 10, in <module>
    from torch._higher_order_ops.flat_apply import (
  File "C:\Users\shani\AppData\Local\Programs\Python\Python311\Lib\site-packages\torch\_higher_order_ops\__init__.py", line 24, in <module>
    from torch._higher_order_ops.invoke_subgraph import invoke_subgraph
  File "C:\Users\shani\AppData\Local\Programs\Python\Python311\Lib\site-packages\torch\_higher_order_ops\invoke_subgraph.py", line 41, in <module>
    from torch.utils._debug_mode import DebugMode
  File "C:\Users\shani\AppData\Local\Programs\Python\Python311\Lib\site-packages\torch\utils\_debug_mode.py", line 665, in <module>
    @torch.library.custom_op("debug_mode_ops::annotate", mutates_args=())
     ^^^^^^^^^^^^^^^^^^^^^^^^^^^^^^^^^^^^^^^^^^^^^^^^^^^^^^^^^^^^^^^^^^^^
  File "C:\Users\shani\AppData\Local\Programs\Python\Python311\Lib\site-packages\torch\_library\custom_ops.py", line 157, in inner
    result = CustomOpDef(namespace, opname, schema_str, fn, tags)
             ^^^^^^^^^^^^^^^^^^^^^^^^^^^^^^^^^^^^^^^^^^^^^^^^^^^^
  File "C:\Users\shani\AppData\Local\Programs\Python\Python311\Lib\site-packages\torch\_library\custom_ops.py", line 215, in __init__
    self._register_to_dispatcher(self._tags)
  File "C:\Users\shani\AppData\Local\Programs\Python\Python311\Lib\site-packages\torch\_library\custom_ops.py", line 638, in _register_to_dispatcher
    lib._register_fake(self._name, fake_impl, _stacklevel=4)
  File "C:\Users\shani\AppData\Local\Programs\Python\Python311\Lib\site-packages\torch\library.py", line 183, in _register_fake
    source = torch._library.utils.get_source(_stacklevel + 1)
             ^^^^^^^^^^^^^^^^^^^^^^^^^^^^^^^^^^^^^^^^^^^^^^^^
  File "C:\Users\shani\AppData\Local\Programs\Python\Python311\Lib\site-packages\torch\_library\utils.py", line 45, in get_source
    frame = inspect.getframeinfo(sys._getframe(stacklevel))
            ^^^^^^^^^^^^^^^^^^^^^^^^^^^^^^^^^^^^^^^^^^^^^^^
  File "C:\Users\shani\AppData\Local\Programs\Python\Python311\Lib\inspect.py", line 1692, in getframeinfo
    lines, lnum = findsource(frame)
                  ^^^^^^^^^^^^^^^^^
  File "C:\Users\shani\AppData\Local\Programs\Python\Python311\Lib\inspect.py", line 1075, in findsource
    module = getmodule(object, file)
             ^^^^^^^^^^^^^^^^^^^^^^^
  File "C:\Users\shani\AppData\Local\Programs\Python\Python311\Lib\inspect.py", line 1001, in getmodule
    os.path.realpath(f)] = module.__name__
    ^^^^^^^^^^^^^^^^^^^
  File "<frozen ntpath>", line 715, in realpath
KeyboardInterrupt
