Traceback (most recent call last):
  File "C:\All Codes\Taiwan_Internship\UL_UPLINK_DOWNLINK_MONTE_CARLO\Downlink\Methods\Convergence per epoch\main.py", line 11, in <module>
    runpy.run_path(str(LEGACY_MAIN), run_name="__main__")
  File "<frozen runpy>", line 291, in run_path
  File "<frozen runpy>", line 98, in _run_module_code
  File "<frozen runpy>", line 88, in _run_code
  File "C:\All Codes\Taiwan_Internship\UL_UPLINK_DOWNLINK_MONTE_CARLO\Downlink\Methods\Convergence per sweep\main.py", line 61, in <module>
    main()
  File "C:\All Codes\Taiwan_Internship\UL_UPLINK_DOWNLINK_MONTE_CARLO\Downlink\Methods\Convergence per sweep\main.py", line 43, in main
    run_downlink_experiment(
  File "C:\All Codes\Taiwan_Internship\UL_UPLINK_DOWNLINK_MONTE_CARLO\Downlink\experiment_runner.py", line 425, in run_downlink_experiment
    configure_determinism(seed)
  File "C:\All Codes\Taiwan_Internship\UL_UPLINK_DOWNLINK_MONTE_CARLO\Downlink\determinism.py", line 27, in configure_determinism
    torch.use_deterministic_algorithms(True, warn_only=True)
  File "C:\Users\shani\AppData\Local\Programs\Python\Python311\Lib\site-packages\torch\__init__.py", line 1522, in use_deterministic_algorithms
    import torch._inductor.config as inductor_config
  File "C:\Users\shani\AppData\Local\Programs\Python\Python311\Lib\site-packages\torch\_inductor\__init__.py", line 11, in <module>
    from .standalone_compile import CompiledArtifact  # noqa: TC001
    ^^^^^^^^^^^^^^^^^^^^^^^^^^^^^^^^^^^^^^^^^^^^^^^^
  File "C:\Users\shani\AppData\Local\Programs\Python\Python311\Lib\site-packages\torch\_inductor\standalone_compile.py", line 13, in <module>
    from torch._dynamo.aot_compile_types import BundledAOTAutogradSerializableCallable
  File "C:\Users\shani\AppData\Local\Programs\Python\Python311\Lib\site-packages\torch\_dynamo\__init__.py", line 13, in <module>
    from . import (
  File "C:\Users\shani\AppData\Local\Programs\Python\Python311\Lib\site-packages\torch\_dynamo\aot_compile.py", line 15, in <module>
    from torch._dynamo.convert_frame import GraphRuntimeEnv
  File "C:\Users\shani\AppData\Local\Programs\Python\Python311\Lib\site-packages\torch\_dynamo\convert_frame.py", line 62, in <module>
    from torch._dynamo.symbolic_convert import TensorifyState
  File "C:\Users\shani\AppData\Local\Programs\Python\Python311\Lib\site-packages\torch\_dynamo\symbolic_convert.py", line 1236, in <module>
    class InstructionTranslatorBase(
  File "C:\Users\shani\AppData\Local\Programs\Python\Python311\Lib\site-packages\torch\_dynamo\symbolic_convert.py", line 3977, in InstructionTranslatorBase
    UNARY_INVERT = stack_op(operator.invert)
                   ^^^^^^^^^^^^^^^^^^^^^^^^^
  File "C:\Users\shani\AppData\Local\Programs\Python\Python311\Lib\site-packages\torch\_dynamo\symbolic_convert.py", line 475, in stack_op
    nargs = len(inspect.signature(fn).parameters)
                ^^^^^^^^^^^^^^^^^^^^^
  File "C:\Users\shani\AppData\Local\Programs\Python\Python311\Lib\inspect.py", line 3279, in signature
    return Signature.from_callable(obj, follow_wrapped=follow_wrapped,
           ^^^^^^^^^^^^^^^^^^^^^^^^^^^^^^^^^^^^^^^^^^^^^^^^^^^^^^^^^^^
  File "C:\Users\shani\AppData\Local\Programs\Python\Python311\Lib\inspect.py", line 3027, in from_callable
    return _signature_from_callable(obj, sigcls=cls,
           ^^^^^^^^^^^^^^^^^^^^^^^^^^^^^^^^^^^^^^^^^
  File "C:\Users\shani\AppData\Local\Programs\Python\Python311\Lib\inspect.py", line 2519, in _signature_from_callable
    return _signature_from_builtin(sigcls, obj,
           ^^^^^^^^^^^^^^^^^^^^^^^^^^^^^^^^^^^^
  File "C:\Users\shani\AppData\Local\Programs\Python\Python311\Lib\inspect.py", line 2328, in _signature_from_builtin
    return _signature_fromstr(cls, func, s, skip_bound_arg)
           ^^^^^^^^^^^^^^^^^^^^^^^^^^^^^^^^^^^^^^^^^^^^^^^^
  File "C:\Users\shani\AppData\Local\Programs\Python\Python311\Lib\inspect.py", line 2203, in _signature_fromstr
    sys_module_dict = sys.modules.copy()
                      ^^^^^^^^^^^^^^^^^^
MemoryError
