fatal   : Memory allocation failure
Initialized plotting globals:
train_result_path: C:\All Codes\Taiwan_Internship\UL_UPLINK_DOWNLINK_MONTE_CARLO\Results\Uplink\Method-Convergence per epoch\conv_dir__ul_fixed_block_targets_sweep_20260704_205957_conv_upd_dir_loss_aug_rate_sinr__s3\optimization_history
test_result_path: C:\All Codes\Taiwan_Internship\UL_UPLINK_DOWNLINK_MONTE_CARLO\Results\Uplink\Method-Convergence per epoch\conv_dir__ul_fixed_block_targets_sweep_20260704_205957_conv_upd_dir_loss_aug_rate_sinr__s3\optimization_history
user_cfg_result_path: C:\All Codes\Taiwan_Internship\UL_UPLINK_DOWNLINK_MONTE_CARLO\Results\Uplink\Method-Convergence per epoch\conv_dir__ul_fixed_block_targets_sweep_20260704_205957_conv_upd_dir_loss_aug_rate_sinr__s3\user_config
[UL Initial Baseline] | seed=3 | scenario=fixed_block_targets | method=convergence | users=3 | initial_total_latency=0.041467 | initial_avg_latency=0.013822 | initial_min_latency=0.007867 | initial_max_latency=0.019333
[UL Convergence Train] | phase=start | user=0 | mode=fixed_block_targets
[UL Convergence Train] | user=0 | block=0 | target_bits=200 | mode=fixed_block_targets
[UL Convergence Block] | user=0 | block=0 | budget_mode=target_bits | requested_bits=200
[UL Convergence Solve] | user=0 | block=0 | stage=n=T | n_kl=50 | requested_bits=200
Traceback (most recent call last):
  File "C:\All Codes\Taiwan_Internship\UL_UPLINK_DOWNLINK_MONTE_CARLO\Uplink\Methods\Convergence per epoch\main.py", line 11, in <module>
    runpy.run_path(str(LEGACY_MAIN), run_name="__main__")
  File "<frozen runpy>", line 291, in run_path
  File "<frozen runpy>", line 98, in _run_module_code
  File "<frozen runpy>", line 88, in _run_code
  File "C:\All Codes\Taiwan_Internship\UL_UPLINK_DOWNLINK_MONTE_CARLO\Uplink\Methods\Convergence per sweep\main.py", line 277, in <module>
    main()
  File "C:\All Codes\Taiwan_Internship\UL_UPLINK_DOWNLINK_MONTE_CARLO\Uplink\Methods\Convergence per sweep\main.py", line 180, in main
    experiment = run_convergence_experiment(
                 ^^^^^^^^^^^^^^^^^^^^^^^^^^^
  File "C:\All Codes\Taiwan_Internship\UL_UPLINK_DOWNLINK_MONTE_CARLO\Uplink\Methods\Convergence per sweep\main.py", line 114, in run_convergence_experiment
    convergence_data = dynamic_subblocklength_precoder_training_baseline(
                       ^^^^^^^^^^^^^^^^^^^^^^^^^^^^^^^^^^^^^^^^^^^^^^^^^^
  File "C:\All Codes\Taiwan_Internship\UL_UPLINK_DOWNLINK_MONTE_CARLO\Uplink\Methods\Convergence per sweep\optimizer.py", line 28, in dynamic_subblocklength_precoder_training_baseline
    convergence_data = dynamic_fixed_target_precoder_training(
                       ^^^^^^^^^^^^^^^^^^^^^^^^^^^^^^^^^^^^^^^
  File "C:\All Codes\Taiwan_Internship\UL_UPLINK_DOWNLINK_MONTE_CARLO\Uplink\Optimizer_per_block.py", line 1191, in dynamic_fixed_target_precoder_training
    S, B_used, step_a_diagnostics = optimize_subblocklength_precoder(
                                    ^^^^^^^^^^^^^^^^^^^^^^^^^^^^^^^^^
  File "C:\All Codes\Taiwan_Internship\UL_UPLINK_DOWNLINK_MONTE_CARLO\Uplink\Optimizer_per_block.py", line 600, in optimize_subblocklength_precoder
    out = optimize_precoder_for_nl(
          ^^^^^^^^^^^^^^^^^^^^^^^^^
  File "C:\All Codes\Taiwan_Internship\UL_UPLINK_DOWNLINK_MONTE_CARLO\Uplink\Optimizer_per_block.py", line 292, in optimize_precoder_for_nl
    Fmat = project_power(_ri_to_complex_tensor(precoder_param), loss_fn.P)
                         ^^^^^^^^^^^^^^^^^^^^^^^^^^^^^^^^^^^^^
  File "C:\All Codes\Taiwan_Internship\UL_UPLINK_DOWNLINK_MONTE_CARLO\Uplink\Optimizer_per_block.py", line 94, in _ri_to_complex_tensor
    return (param[0] + 1j * param[1]).to(torch.complex64)
                       ~~~^~~~~~~~~~
torch.AcceleratorError: CUDA error: unknown error
Search for `cudaErrorUnknown' in https://docs.nvidia.com/cuda/cuda-runtime-api/group__CUDART__TYPES.html for more information.
CUDA kernel errors might be asynchronously reported at some other API call, so the stacktrace below might be incorrect.
For debugging consider passing CUDA_LAUNCH_BLOCKING=1
Compile with `TORCH_USE_CUDA_DSA` to enable device-side assertions.

