Initialized plotting globals:
train_result_path: C:\All Codes\Taiwan_Internship\UL_UPLINK_DOWNLINK_MONTE_CARLO\Results\Uplink\Method-Convergence per epoch\conv_dir__ul_fixed_block_targets_sweep_20260704_205957_conv_upd_dir_loss_plain_rate_snr__s3\optimization_history
test_result_path: C:\All Codes\Taiwan_Internship\UL_UPLINK_DOWNLINK_MONTE_CARLO\Results\Uplink\Method-Convergence per epoch\conv_dir__ul_fixed_block_targets_sweep_20260704_205957_conv_upd_dir_loss_plain_rate_snr__s3\optimization_history
user_cfg_result_path: C:\All Codes\Taiwan_Internship\UL_UPLINK_DOWNLINK_MONTE_CARLO\Results\Uplink\Method-Convergence per epoch\conv_dir__ul_fixed_block_targets_sweep_20260704_205957_conv_upd_dir_loss_plain_rate_snr__s3\user_config
[UL Initial Baseline] | seed=3 | scenario=fixed_block_targets | method=convergence | users=3 | initial_total_latency=0.033133 | initial_avg_latency=0.011044 | initial_min_latency=0.006467 | initial_max_latency=0.015533
Traceback (most recent call last):
  File "C:\All Codes\Taiwan_Internship\UL_UPLINK_DOWNLINK_MONTE_CARLO\Uplink\Methods\Convergence per epoch\main.py", line 11, in <module>
    runpy.run_path(str(LEGACY_MAIN), run_name="__main__")
  File "<frozen runpy>", line 291, in run_path
  File "<frozen runpy>", line 98, in _run_module_code
  File "<frozen runpy>", line 88, in _run_code
  File "C:\All Codes\Taiwan_Internship\UL_UPLINK_DOWNLINK_MONTE_CARLO\Uplink\Methods\Convergence per sweep\main.py", line 277, in <module>
    main()
  File "C:\All Codes\Taiwan_Internship\UL_UPLINK_DOWNLINK_MONTE_CARLO\Uplink\Methods\Convergence per sweep\main.py", line 180, in main
    experiment = run_convergence_experiment(
                 ^^^^^^^^^^^^^^^^^^^^^^^^^^^
  File "C:\All Codes\Taiwan_Internship\UL_UPLINK_DOWNLINK_MONTE_CARLO\Uplink\Methods\Convergence per sweep\main.py", line 105, in run_convergence_experiment
    plot_user_config(
  File "C:\All Codes\Taiwan_Internship\UL_UPLINK_DOWNLINK_MONTE_CARLO\Uplink\plotting.py", line 732, in plot_user_config
    plt.savefig(save_file, dpi=300, bbox_inches="tight")
  File "C:\Users\shani\AppData\Local\Programs\Python\Python311\Lib\site-packages\matplotlib\pyplot.py", line 1223, in savefig
    res = fig.savefig(*args, **kwargs)  # type: ignore[func-returns-value]
          ^^^^^^^^^^^^^^^^^^^^^^^^^^^^
  File "C:\Users\shani\AppData\Local\Programs\Python\Python311\Lib\site-packages\matplotlib\figure.py", line 3388, in savefig
    self.canvas.print_figure(fname, **kwargs)
  File "C:\Users\shani\AppData\Local\Programs\Python\Python311\Lib\site-packages\matplotlib\backend_bases.py", line 2218, in print_figure
    result = print_method(
             ^^^^^^^^^^^^^
  File "C:\Users\shani\AppData\Local\Programs\Python\Python311\Lib\site-packages\matplotlib\backend_bases.py", line 2068, in <lambda>
    print_method = functools.wraps(meth)(lambda *args, **kwargs: meth(
                                                                 ^^^^^
  File "C:\Users\shani\AppData\Local\Programs\Python\Python311\Lib\site-packages\matplotlib\backends\backend_agg.py", line 496, in print_png
    self._print_pil(filename_or_obj, "png", pil_kwargs, metadata)
  File "C:\Users\shani\AppData\Local\Programs\Python\Python311\Lib\site-packages\matplotlib\backends\backend_agg.py", line 444, in _print_pil
    FigureCanvasAgg.draw(self)
  File "C:\Users\shani\AppData\Local\Programs\Python\Python311\Lib\site-packages\matplotlib\backends\backend_agg.py", line 382, in draw
    self.renderer = self.get_renderer()
                    ^^^^^^^^^^^^^^^^^^^
  File "C:\Users\shani\AppData\Local\Programs\Python\Python311\Lib\site-packages\matplotlib\backends\backend_agg.py", line 397, in get_renderer
    self.renderer = RendererAgg(w, h, self.figure.dpi)
                    ^^^^^^^^^^^^^^^^^^^^^^^^^^^^^^^^^^
  File "C:\Users\shani\AppData\Local\Programs\Python\Python311\Lib\site-packages\matplotlib\backends\backend_agg.py", line 70, in __init__
    self._renderer = _RendererAgg(int(width), int(height), dpi)
                     ^^^^^^^^^^^^^^^^^^^^^^^^^^^^^^^^^^^^^^^^^^
MemoryError: In RendererAgg: Out of memory
