Resolved Monte Carlo train seeds: [1, 2]
Resolved Monte Carlo test seed: 3
[DL Monte Carlo Dataset] | phase=collect | seed=1 | base_dataset=channel_episode_only
[DL Monte Carlo Dataset] | phase=collect | seed=2 | base_dataset=channel_episode_only
[DL Monte Carlo Train] | phase=start | scope=joint | channel_episodes=2 | channel_episodes_per_user=[2, 2, 2] | epochs=120 | batch_size=32 | precoder_net_scope=per_user_nets
[DL Monte Carlo] | phase=train | method=monte_carlo | scope=joint | epoch=1/120 | objective=-3.459228 | sum_rate=7.569700 | avg_user_rate=3.462938 | r_p=0.160085 | r_c=0.016835 | r_s=inf | status=running
[DL Monte Carlo] | phase=train | method=monte_carlo | scope=joint | epoch=5/120 | objective=-9.215155 | sum_rate=14.400322 | avg_user_rate=9.213977 | r_p=0.070898 | r_c=0.008056 | r_s=0.024625 | status=running
[DL Monte Carlo] | phase=train | method=monte_carlo | scope=joint | epoch=10/120 | objective=-13.599219 | sum_rate=17.454960 | avg_user_rate=13.596362 | r_p=0.085359 | r_c=0.010215 | r_s=0.017553 | status=running
[DL Monte Carlo] | phase=train | method=monte_carlo | scope=joint | epoch=15/120 | objective=-14.625498 | sum_rate=19.974629 | avg_user_rate=14.620047 | r_p=0.027976 | r_c=0.003352 | r_s=0.014545 | status=running
[DL Monte Carlo] | phase=train | method=monte_carlo | scope=joint | epoch=20/120 | objective=-15.928014 | sum_rate=21.123205 | avg_user_rate=15.920587 | r_p=9.794493e-07 | r_c=9.795076e-09 | r_s=0.012045 | status=running
[DL Monte Carlo] | phase=train | method=monte_carlo | scope=joint | epoch=25/120 | objective=-15.934320 | sum_rate=21.414254 | avg_user_rate=15.928645 | r_p=1.560558e-06 | r_c=1.560673e-08 | r_s=0.006281 | status=running
[DL Monte Carlo] | phase=train | method=monte_carlo | scope=joint | epoch=30/120 | objective=-15.968680 | sum_rate=21.819768 | avg_user_rate=15.963342 | r_p=1.538184e-06 | r_c=1.538314e-08 | r_s=0.004192 | status=running
[DL Monte Carlo] | phase=train | method=monte_carlo | scope=joint | epoch=35/120 | objective=-16.394666 | sum_rate=22.113461 | avg_user_rate=16.390139 | r_p=2.138542e-06 | r_c=2.138764e-08 | r_s=0.003985 | status=running
[DL Monte Carlo] | phase=train | method=monte_carlo | scope=joint | epoch=40/120 | objective=-17.110423 | sum_rate=21.726791 | avg_user_rate=17.106979 | r_p=1.418285e-06 | r_c=1.418450e-08 | r_s=0.004806 | status=running
[DL Monte Carlo] | phase=train | method=monte_carlo | scope=joint | epoch=45/120 | objective=-16.518966 | sum_rate=22.020945 | avg_user_rate=16.515394 | r_p=1.676155e-06 | r_c=1.676375e-08 | r_s=0.002976 | status=running
[DL Monte Carlo] | phase=train | method=monte_carlo | scope=joint | epoch=50/120 | objective=-16.317338 | sum_rate=22.073801 | avg_user_rate=16.314423 | r_p=1.311302e-06 | r_c=1.311487e-08 | r_s=0.001725 | status=running
[DL Monte Carlo] | phase=train | method=monte_carlo | scope=joint | epoch=55/120 | objective=-16.335648 | sum_rate=21.875722 | avg_user_rate=16.332917 | r_p=1.965147e-06 | r_c=1.965450e-08 | r_s=0.001781 | status=running
[DL Monte Carlo] | phase=train | method=monte_carlo | scope=joint | epoch=60/120 | objective=-16.381816 | sum_rate=22.208727 | avg_user_rate=16.379424 | r_p=1.387163e-06 | r_c=1.387393e-08 | r_s=0.002101 | status=running
[DL Monte Carlo] | phase=train | method=monte_carlo | scope=joint | epoch=64/120 | objective=-16.221319 | sum_rate=22.218522 | avg_user_rate=16.219210 | r_p=1.311302e-06 | r_c=1.311533e-08 | r_s=8.434042e-04 | status=kkt_converged
[DL Initial Baseline] | seed=3 | scenario=payload_completion | method=monte_carlo | users=3 | initial_total_latency=0.305000 | initial_avg_latency=0.101667 | initial_min_latency=0.069867 | initial_max_latency=0.135667
[DL Monte Carlo Eval] | block=0 | active_users=3 | remaining_bits=6000 | mode=payload_completion
[DL Monte Carlo Eval] | block=0 | skipped_users=[0, 2]
[DL Monte Carlo Allocation] | user=0 | block=0 | status=skipped
[DL Monte Carlo Allocation] | user=1 | block=0 | served_bits=668 | n_kl=60 | required_rate=11.133333 | achieved_rate=11.143613
[DL Monte Carlo Allocation] | user=2 | block=0 | status=skipped
[DL Monte Carlo Eval] | block=0 | status=complete | allocated_bits=668 | remaining_bits=5332
[DL Monte Carlo Eval] | block=1 | active_users=3 | remaining_bits=5332 | mode=payload_completion
[DL Monte Carlo Eval] | block=1 | skipped_users=[0, 2]
[DL Monte Carlo Allocation] | user=0 | block=1 | status=skipped
[DL Monte Carlo Allocation] | user=1 | block=1 | served_bits=711 | n_kl=60 | required_rate=11.850000 | achieved_rate=11.851971
[DL Monte Carlo Allocation] | user=2 | block=1 | status=skipped
[DL Monte Carlo Eval] | block=1 | status=complete | allocated_bits=711 | remaining_bits=4621
[DL Monte Carlo Eval] | block=2 | active_users=3 | remaining_bits=4621 | mode=payload_completion
[DL Monte Carlo Eval] | block=2 | skipped_users=[0, 2]
[DL Monte Carlo Allocation] | user=0 | block=2 | status=skipped
[DL Monte Carlo Allocation] | user=1 | block=2 | served_bits=621 | n_kl=48 | required_rate=12.937500 | achieved_rate=13.200038
[DL Monte Carlo Allocation] | user=2 | block=2 | status=skipped
[DL Monte Carlo Eval] | block=2 | status=complete | allocated_bits=621 | remaining_bits=4000
[DL Monte Carlo Eval] | block=3 | active_users=2 | remaining_bits=4000 | mode=payload_completion
[DL Monte Carlo Eval] | block=3 | skipped_users=[0]
[DL Monte Carlo Allocation] | user=0 | block=3 | status=skipped
[DL Monte Carlo Allocation] | user=2 | block=3 | served_bits=990 | n_kl=80 | required_rate=12.375000 | achieved_rate=12.386697
[DL Monte Carlo Eval] | block=3 | status=complete | allocated_bits=990 | remaining_bits=3010
[DL Monte Carlo Eval] | block=4 | active_users=2 | remaining_bits=3010 | mode=payload_completion
[DL Monte Carlo Eval] | block=4 | skipped_users=[0]
[DL Monte Carlo Allocation] | user=0 | block=4 | status=skipped
[DL Monte Carlo Allocation] | user=2 | block=4 | served_bits=735 | n_kl=80 | required_rate=9.187500 | achieved_rate=9.192973
[DL Monte Carlo Eval] | block=4 | status=complete | allocated_bits=735 | remaining_bits=2275
[DL Monte Carlo Eval] | block=5 | active_users=2 | remaining_bits=2275 | mode=payload_completion
[DL Monte Carlo Eval] | block=5 | skipped_users=[0]
[DL Monte Carlo Allocation] | user=0 | block=5 | status=skipped
[DL Monte Carlo Allocation] | user=2 | block=5 | served_bits=833 | n_kl=80 | required_rate=10.412500 | achieved_rate=10.420057
[DL Monte Carlo Eval] | block=5 | status=complete | allocated_bits=833 | remaining_bits=1442
[DL Monte Carlo Eval] | block=6 | active_users=2 | remaining_bits=1442 | mode=payload_completion
[DL Monte Carlo Eval] | block=6 | skipped_users=[0]
[DL Monte Carlo Allocation] | user=0 | block=6 | status=skipped
[DL Monte Carlo Allocation] | user=2 | block=6 | served_bits=442 | n_kl=50 | required_rate=8.840000 | achieved_rate=8.905136
[DL Monte Carlo Eval] | block=6 | status=complete | allocated_bits=442 | remaining_bits=1000
[DL Monte Carlo Eval] | block=7 | active_users=1 | remaining_bits=1000 | mode=payload_completion
[DL Monte Carlo Allocation] | user=0 | block=7 | served_bits=623 | n_kl=50 | required_rate=12.460000 | achieved_rate=12.472693
[DL Monte Carlo Eval] | block=7 | status=complete | allocated_bits=623 | remaining_bits=377
[DL Monte Carlo Eval] | block=8 | active_users=1 | remaining_bits=377 | mode=payload_completion
[DL Monte Carlo Allocation] | user=0 | block=8 | served_bits=377 | n_kl=37 | required_rate=10.189189 | achieved_rate=10.211087
[DL Monte Carlo Eval] | block=8 | status=complete | allocated_bits=377 | remaining_bits=0
Traceback (most recent call last):
  File "C:\All Codes\Taiwan_Internship\UL_UPLINK_DOWNLINK_MONTE_CARLO\Downlink\Methods\Monte Carlo\main.py", line 630, in <module>
    main()
  File "C:\All Codes\Taiwan_Internship\UL_UPLINK_DOWNLINK_MONTE_CARLO\Downlink\Methods\Monte Carlo\main.py", line 611, in main
    _build_summary_lines(result, run_meta["cfg_path"], int(test_seed)),
    ^^^^^^^^^^^^^^^^^^^^^^^^^^^^^^^^^^^^^^^^^^^^^^^^^^^^^^^^^^^^^^^^^^
  File "C:\All Codes\Taiwan_Internship\UL_UPLINK_DOWNLINK_MONTE_CARLO\Downlink\Methods\Monte Carlo\main.py", line 291, in _build_summary_lines
    lines.extend(_build_final_test_summary_lines(result))
                 ^^^^^^^^^^^^^^^^^^^^^^^^^^^^^^^^^^^^^^^
  File "C:\All Codes\Taiwan_Internship\UL_UPLINK_DOWNLINK_MONTE_CARLO\Downlink\Methods\Monte Carlo\main.py", line 216, in _build_final_test_summary_lines
    if metrics.get("scenario_mode", "") == FIXED_BLOCK_TARGETS_MODE:
                                           ^^^^^^^^^^^^^^^^^^^^^^^^
NameError: name 'FIXED_BLOCK_TARGETS_MODE' is not defined
