This is pdfTeX, Version 3.141592653-2.6-1.40.28 (TeX Live 2025) (preloaded format=pdflatex 2025.10.3)  7 MAR 2026 18:40
entering extended mode
 restricted \write18 enabled.
 file:line:error style messages enabled.
 %&-line parsing enabled.
**"c:/Users/shani/OneDrive/Desktop/Taiwan reports/20260303_UL_RSMA_min_latency/UL_RSMA_min_latency/20260303_UL_RSMA_min_latency.tex"
(c:/Users/shani/OneDrive/Desktop/Taiwan reports/20260303_UL_RSMA_min_latency/UL_RSMA_min_latency/20260303_UL_RSMA_min_latency.tex
LaTeX2e <2025-06-01> patch level 1
L3 programming layer <2025-09-02>
(c:/texlive/2025/texmf-dist/tex/latex/ieeetran/IEEEtran.cls
Document Class: IEEEtran 2015/08/26 V1.8b by Michael Shell
-- See the "IEEEtran_HOWTO" manual for usage information.
-- http://www.michaelshell.org/tex/ieeetran/
\@IEEEtrantmpdimenA=\dimen148
\@IEEEtrantmpdimenB=\dimen149
\@IEEEtrantmpdimenC=\dimen150
\@IEEEtrantmpcountA=\count275
\@IEEEtrantmpcountB=\count276
\@IEEEtrantmpcountC=\count277
\@IEEEtrantmptoksA=\toks17
LaTeX Font Info:    Trying to load font information for OT1+ptm on input line 503.
(c:/texlive/2025/texmf-dist/tex/latex/psnfss/ot1ptm.fd
File: ot1ptm.fd 2001/06/04 font definitions for OT1/ptm.
)
-- Using 210mm x 297mm (a4) paper.
-- Using PDF output.
\@IEEEnormalsizeunitybaselineskip=\dimen151
-- This is a 12 point document.
LaTeX Encoding Info:    Redeclaring text command \textunderscore (encoding ?) on input line 937.
\CLASSINFOnormalsizebaselineskip=\dimen152
\CLASSINFOnormalsizeunitybaselineskip=\dimen153
\IEEEnormaljot=\dimen154
LaTeX Font Info:    Font shape `OT1/ptm/bx/n' in size <6> not available
(Font)              Font shape `OT1/ptm/b/n' tried instead on input line 1090.
LaTeX Font Info:    Font shape `OT1/ptm/bx/it' in size <6> not available
(Font)              Font shape `OT1/ptm/b/it' tried instead on input line 1090.
LaTeX Font Info:    Font shape `OT1/ptm/bx/n' in size <8> not available
(Font)              Font shape `OT1/ptm/b/n' tried instead on input line 1090.
LaTeX Font Info:    Font shape `OT1/ptm/bx/it' in size <8> not available
(Font)              Font shape `OT1/ptm/b/it' tried instead on input line 1090.
LaTeX Font Info:    Font shape `OT1/ptm/bx/n' in size <9> not available
(Font)              Font shape `OT1/ptm/b/n' tried instead on input line 1090.
LaTeX Font Info:    Font shape `OT1/ptm/bx/it' in size <9> not available
(Font)              Font shape `OT1/ptm/b/it' tried instead on input line 1090.
LaTeX Font Info:    Font shape `OT1/ptm/bx/n' in size <10> not available
(Font)              Font shape `OT1/ptm/b/n' tried instead on input line 1090.
LaTeX Font Info:    Font shape `OT1/ptm/bx/it' in size <10> not available
(Font)              Font shape `OT1/ptm/b/it' tried instead on input line 1090.
LaTeX Font Info:    Font shape `OT1/ptm/bx/n' in size <12> not available
(Font)              Font shape `OT1/ptm/b/n' tried instead on input line 1090.
LaTeX Font Info:    Font shape `OT1/ptm/bx/it' in size <12> not available
(Font)              Font shape `OT1/ptm/b/it' tried instead on input line 1090.
LaTeX Font Info:    Font shape `OT1/ptm/bx/n' in size <14> not available
(Font)              Font shape `OT1/ptm/b/n' tried instead on input line 1090.
LaTeX Font Info:    Font shape `OT1/ptm/bx/it' in size <14> not available
(Font)              Font shape `OT1/ptm/b/it' tried instead on input line 1090.
LaTeX Font Info:    Font shape `OT1/ptm/bx/n' in size <20> not available
(Font)              Font shape `OT1/ptm/b/n' tried instead on input line 1090.
LaTeX Font Info:    Font shape `OT1/ptm/bx/it' in size <20> not available
(Font)              Font shape `OT1/ptm/b/it' tried instead on input line 1090.
LaTeX Font Info:    Font shape `OT1/ptm/bx/n' in size <22> not available
(Font)              Font shape `OT1/ptm/b/n' tried instead on input line 1090.
LaTeX Font Info:    Font shape `OT1/ptm/bx/it' in size <22> not available
(Font)              Font shape `OT1/ptm/b/it' tried instead on input line 1090.
LaTeX Font Info:    Font shape `OT1/ptm/bx/n' in size <24> not available
(Font)              Font shape `OT1/ptm/b/n' tried instead on input line 1090.
LaTeX Font Info:    Font shape `OT1/ptm/bx/it' in size <24> not available
(Font)              Font shape `OT1/ptm/b/it' tried instead on input line 1090.
\IEEEquantizedlength=\dimen155
\IEEEquantizedlengthdiff=\dimen156
\IEEEquantizedtextheightdiff=\dimen157
\IEEEilabelindentA=\dimen158
\IEEEilabelindentB=\dimen159
\IEEEilabelindent=\dimen160
\IEEEelabelindent=\dimen161
\IEEEdlabelindent=\dimen162
\IEEElabelindent=\dimen163
\IEEEiednormlabelsep=\dimen164
\IEEEiedmathlabelsep=\dimen165
\IEEEiedtopsep=\skip49
\c@section=\count278
\c@subsection=\count279
\c@subsubsection=\count280
\c@paragraph=\count281
\c@IEEEsubequation=\count282
\abovecaptionskip=\skip50
\belowcaptionskip=\skip51
\c@figure=\count283
\c@table=\count284
\@IEEEeqnnumcols=\count285
\@IEEEeqncolcnt=\count286
\@IEEEsubeqnnumrollback=\count287
\@IEEEquantizeheightA=\dimen166
\@IEEEquantizeheightB=\dimen167
\@IEEEquantizeheightC=\dimen168
\@IEEEquantizeprevdepth=\dimen169
\@IEEEquantizemultiple=\count288
\@IEEEquantizeboxA=\box53
\@IEEEtmpitemindent=\dimen170
\IEEEPARstartletwidth=\dimen171
\c@IEEEbiography=\count289
\@IEEEtranrubishbin=\box54
)
\subfigureheight=\skip52
\figurewidth=\skip53
 (c:/texlive/2025/texmf-dist/tex/generic/ulem/ulem.sty
\UL@box=\box55
\UL@hyphenbox=\box56
\UL@skip=\skip54
\UL@hook=\toks18
\UL@height=\dimen172
\UL@pe=\count290
\UL@pixel=\dimen173
\ULC@box=\box57
Package: ulem 2019/11/18
\ULdepth=\dimen174
) (c:/texlive/2025/texmf-dist/tex/latex/amsfonts/amsfonts.sty
Package: amsfonts 2013/01/14 v3.01 Basic AMSFonts support
\@emptytoks=\toks19
\symAMSa=\mathgroup4
\symAMSb=\mathgroup5
LaTeX Font Info:    Redeclaring math symbol \hbar on input line 98.
LaTeX Font Info:    Overwriting math alphabet `\mathfrak' in version `bold'
(Font)                  U/euf/m/n --> U/euf/b/n on input line 106.
) (c:/texlive/2025/texmf-dist/tex/latex/amsmath/amsmath.sty
Package: amsmath 2025/06/16 v2.17y AMS math features
\@mathmargin=\skip55

For additional information on amsmath, use the `?' option.
(c:/texlive/2025/texmf-dist/tex/latex/amsmath/amstext.sty
Package: amstext 2024/11/17 v2.01 AMS text
 (c:/texlive/2025/texmf-dist/tex/latex/amsmath/amsgen.sty
File: amsgen.sty 1999/11/30 v2.0 generic functions
\@emptytoks=\toks20
\ex@=\dimen175
)) (c:/texlive/2025/texmf-dist/tex/latex/amsmath/amsbsy.sty
Package: amsbsy 1999/11/29 v1.2d Bold Symbols
\pmbraise@=\dimen176
) (c:/texlive/2025/texmf-dist/tex/latex/amsmath/amsopn.sty
Package: amsopn 2022/04/08 v2.04 operator names
)
\inf@bad=\count291
LaTeX Info: Redefining \frac on input line 233.
\uproot@=\count292
\leftroot@=\count293
LaTeX Info: Redefining \overline on input line 398.
LaTeX Info: Redefining \colon on input line 409.
\classnum@=\count294
\DOTSCASE@=\count295
LaTeX Info: Redefining \ldots on input line 495.
LaTeX Info: Redefining \dots on input line 498.
LaTeX Info: Redefining \cdots on input line 619.
\Mathstrutbox@=\box58
\strutbox@=\box59
LaTeX Info: Redefining \big on input line 721.
LaTeX Info: Redefining \Big on input line 722.
LaTeX Info: Redefining \bigg on input line 723.
LaTeX Info: Redefining \Bigg on input line 724.
\big@size=\dimen177
LaTeX Font Info:    Redeclaring font encoding OML on input line 742.
LaTeX Font Info:    Redeclaring font encoding OMS on input line 743.
\macc@depth=\count296
LaTeX Info: Redefining \bmod on input line 904.
LaTeX Info: Redefining \pmod on input line 909.
LaTeX Info: Redefining \smash on input line 939.
LaTeX Info: Redefining \relbar on input line 969.
LaTeX Info: Redefining \Relbar on input line 970.
\c@MaxMatrixCols=\count297
\dotsspace@=\muskip17
\c@parentequation=\count298
\dspbrk@lvl=\count299
\tag@help=\toks21
\row@=\count300
\column@=\count301
\maxfields@=\count302
\andhelp@=\toks22
\eqnshift@=\dimen178
\alignsep@=\dimen179
\tagshift@=\dimen180
\tagwidth@=\dimen181
\totwidth@=\dimen182
\lineht@=\dimen183
\@envbody=\toks23
\multlinegap=\skip56
\multlinetaggap=\skip57
\mathdisplay@stack=\toks24
LaTeX Info: Redefining \[ on input line 2949.
LaTeX Info: Redefining \] on input line 2950.
) (c:/texlive/2025/texmf-dist/tex/latex/amsfonts/amssymb.sty
Package: amssymb 2013/01/14 v3.01 AMS font symbols
) (c:/texlive/2025/texmf-dist/tex/latex/tools/bm.sty
Package: bm 2023/12/19 v1.2f Bold Symbol Support (DPC/FMi)
\symboldoperators=\mathgroup6
\symboldletters=\mathgroup7
\symboldsymbols=\mathgroup8
Package bm Info: No bold for \OMX/cmex/m/n, using \pmb.
Package bm Info: No bold for \U/msa/m/n, using \pmb.
Package bm Info: No bold for \U/msb/m/n, using \pmb.
LaTeX Font Info:    Redeclaring math alphabet \mathbf on input line 149.
) (c:/texlive/2025/texmf-dist/tex/latex/cancel/cancel.sty
Package: cancel 2013/04/12 v2.2 Cancel math terms
) (c:/texlive/2025/texmf-dist/tex/latex/graphics/color.sty
Package: color 2025/01/14 v1.3e Standard LaTeX Color (DPC)
 (c:/texlive/2025/texmf-dist/tex/latex/graphics-cfg/color.cfg
File: color.cfg 2016/01/02 v1.6 sample color configuration
)
Package color Info: Driver file: pdftex.def on input line 149.
 (c:/texlive/2025/texmf-dist/tex/latex/graphics-def/pdftex.def
File: pdftex.def 2025/09/29 v1.2d Graphics/color driver for pdftex
) (c:/texlive/2025/texmf-dist/tex/latex/graphics/mathcolor.ltx)) (c:/texlive/2025/texmf-dist/tex/latex/comment/comment.sty
\CommentStream=\write3
 Excluding comment 'comment') (c:/texlive/2025/texmf-dist/tex/latex/graphics/epsfig.sty
Package: epsfig 2024/01/14 v1.7b (e)psfig emulation (SPQR)
 (c:/texlive/2025/texmf-dist/tex/latex/graphics/graphicx.sty
Package: graphicx 2024/12/31 v1.2e Enhanced LaTeX Graphics (DPC,SPQR)
 (c:/texlive/2025/texmf-dist/tex/latex/graphics/keyval.sty
Package: keyval 2022/05/29 v1.15 key=value parser (DPC)
\KV@toks@=\toks25
) (c:/texlive/2025/texmf-dist/tex/latex/graphics/graphics.sty
Package: graphics 2024/08/06 v1.4g Standard LaTeX Graphics (DPC,SPQR)
 (c:/texlive/2025/texmf-dist/tex/latex/graphics/trig.sty
Package: trig 2023/12/02 v1.11 sin cos tan (DPC)
) (c:/texlive/2025/texmf-dist/tex/latex/graphics-cfg/graphics.cfg
File: graphics.cfg 2016/06/04 v1.11 sample graphics configuration
)
Package graphics Info: Driver file: pdftex.def on input line 106.
)
\Gin@req@height=\dimen184
\Gin@req@width=\dimen185
)
\epsfxsize=\dimen186
\epsfysize=\dimen187
) (c:/texlive/2025/texmf-dist/tex/latex/tools/enumerate.sty
Package: enumerate 2023/07/04 v3.00 enumerate extensions (DPC)
\@enLab=\toks26
) (c:/texlive/2025/texmf-dist/tex/latex/mathtools/empheq.sty
Package: empheq 2024/08/09 v2.17 Emphasizing equations
 (c:/texlive/2025/texmf-dist/tex/latex/mathtools/mhsetup.sty
Package: mhsetup 2021/03/18 v1.4 programming setup (MH)
) (c:/texlive/2025/texmf-dist/tex/latex/mathtools/mathtools.sty
Package: mathtools 2024/10/04 v1.31 mathematical typesetting tools
 (c:/texlive/2025/texmf-dist/tex/latex/tools/calc.sty
Package: calc 2025/03/01 v4.3b Infix arithmetic (KKT,FJ)
\calc@Acount=\count303
\calc@Bcount=\count304
\calc@Adimen=\dimen188
\calc@Bdimen=\dimen189
\calc@Askip=\skip58
\calc@Bskip=\skip59
LaTeX Info: Redefining \setlength on input line 86.
LaTeX Info: Redefining \addtolength on input line 87.
\calc@Ccount=\count305
\calc@Cskip=\skip60
)
\g_MT_multlinerow_int=\count306
\l_MT_multwidth_dim=\dimen190
\origjot=\skip61
\l_MT_shortvdotswithinadjustabove_dim=\dimen191
\l_MT_shortvdotswithinadjustbelow_dim=\dimen192
\l_MT_above_intertext_sep=\dimen193
\l_MT_below_intertext_sep=\dimen194
\l_MT_above_shortintertext_sep=\dimen195
\l_MT_below_shortintertext_sep=\dimen196
\xmathstrut@box=\box60
\xmathstrut@dim=\dimen197
)
\l_EQ_equationtype_int=\count307
\l_EQ_alignmentmode_int=\count308
\l_EQ_totalwidth_dim=\dimen198
\l_EQ_displaywidth_dim=\dimen199
\l_EQ_temp_linewidth_dim=\dimen256
\l_EQ_linewidth_dim=\dimen257
\EmphEqdelimitershortfall=\dimen258
\EmphEqdelimiterfactor=\count309
\g_EQ_toptag_height_dim=\dimen259
\g_EQ_bottomtag_depth_dim=\dimen260
\g_EQ_toprow_height_dim=\dimen261
\g_EQ_bottomrow_depth_dim=\dimen262
\g_EQ_widesttag_dim=\dimen263
\EQ_mathdisplay_box=\box61
\EQ_tag_box=\box62
\g_EQ_temprow_int=\count310
) (c:/texlive/2025/texmf-dist/tex/latex/floatrow/floatrow.sty
Package: floatrow 2008/08/02 v0.3b floatrow: float package extension
 (c:/texlive/2025/texmf-dist/tex/latex/caption/caption3.sty
Package: caption3 2023/07/31 v2.4d caption3 kernel (AR)
\caption@tempdima=\dimen264
\captionmargin=\dimen265
\caption@leftmargin=\dimen266
\caption@rightmargin=\dimen267
\caption@width=\dimen268
\caption@indent=\dimen269
\caption@parindent=\dimen270
\caption@hangindent=\dimen271
Package caption Info: Unknown document class (or package),
(caption)             standard defaults will be used.
Package caption Info: \@makecaption = \long macro:#1#2->\ifx \@captype \@IEEEtablestring \footnotesize \bgroup \par \centering \@IEEEtabletopskipstrut {\normalfont \footnotesize #1}\\{\normalfont \footnotesize \scshape #2}\par \addvspace {0.5\baselineskip }\egroup \@IEEEtablecaptionsepspace \else \@IEEEfigurecaptionsepspace \setbox \@tempboxa \hbox {\normalfont \footnotesize {#1.}\nobreakspace \nobreakspace #2}\ifdim \wd \@tempboxa >\hsize \setbox \@tempboxa \hbox {\normalfont \footnotesize {#1.}\nobreakspace \nobreakspace }\parbox [t]{\hsize }{\normalfont \footnotesize \noindent \unhbox \@tempboxa #2}\else \ifCLASSOPTIONconference \hbox to\hsize {\normalfont \footnotesize \hfil \box \@tempboxa \hfil }\else \hbox to\hsize {\normalfont \footnotesize \box \@tempboxa \hfil }\fi \fi \fi  on input line 1175.
)
\c@float@type=\count311
\float@exts=\toks27
\float@box=\box63
\@floatcapt=\box64
Package floatrow Info: Modified float package code loaded on input line 455.
Package floatrow Info: Modified rotfloat package code loaded on input line 473.
\FR@everyfloat=\toks28
\flrow@foot=\insert252
\FB@wd=\dimen272
\FBo@wd=\dimen273
\FBc@wd=\dimen274
\FBo@ht=\skip62
\FBc@ht=\skip63
\FBf@ht=\skip64
\FBo@max=\skip65
\FBc@max=\skip66
\FBf@max=\skip67
\c@FBl@b=\count312
\floatbox@depth=\count313
\c@FRobj=\count314
\c@FRsobj=\count315
\Xhsize=\skip68
\sXhsize=\skip69
\Zhsize=\skip70
\sZhsize=\skip71
\flrow@rowbox=\box65
\FR@Zunitlength=\dimen275
\c@FBcnt=\count316
\FPOScnt=\count317
\LTleft=\skip72
\LTright=\skip73
\LTleft=\skip74
\LTright=\skip75
\flrow@types=\toks29
) (c:/texlive/2025/texmf-dist/tex/latex/hyperref/hyperref.sty
Package: hyperref 2025-07-12 v7.01o Hypertext links for LaTeX
 (c:/texlive/2025/texmf-dist/tex/generic/iftex/iftex.sty
Package: iftex 2024/12/12 v1.0g TeX engine tests
) (c:/texlive/2025/texmf-dist/tex/latex/kvsetkeys/kvsetkeys.sty
Package: kvsetkeys 2022-10-05 v1.19 Key value parser (HO)
) (c:/texlive/2025/texmf-dist/tex/generic/kvdefinekeys/kvdefinekeys.sty
Package: kvdefinekeys 2019-12-19 v1.6 Define keys (HO)
) (c:/texlive/2025/texmf-dist/tex/generic/pdfescape/pdfescape.sty
Package: pdfescape 2019/12/09 v1.15 Implements pdfTeX's escape features (HO)
 (c:/texlive/2025/texmf-dist/tex/generic/ltxcmds/ltxcmds.sty
Package: ltxcmds 2023-12-04 v1.26 LaTeX kernel commands for general use (HO)
) (c:/texlive/2025/texmf-dist/tex/generic/pdftexcmds/pdftexcmds.sty
Package: pdftexcmds 2020-06-27 v0.33 Utility functions of pdfTeX for LuaTeX (HO)
 (c:/texlive/2025/texmf-dist/tex/generic/infwarerr/infwarerr.sty
Package: infwarerr 2019/12/03 v1.5 Providing info/warning/error messages (HO)
)
Package pdftexcmds Info: \pdf@primitive is available.
Package pdftexcmds Info: \pdf@ifprimitive is available.
Package pdftexcmds Info: \pdfdraftmode found.
)) (c:/texlive/2025/texmf-dist/tex/latex/hycolor/hycolor.sty
Package: hycolor 2020-01-27 v1.10 Color options for hyperref/bookmark (HO)
) (c:/texlive/2025/texmf-dist/tex/latex/hyperref/nameref.sty
Package: nameref 2025-06-21 v2.57 Cross-referencing by name of section
 (c:/texlive/2025/texmf-dist/tex/latex/refcount/refcount.sty
Package: refcount 2019/12/15 v3.6 Data extraction from label references (HO)
) (c:/texlive/2025/texmf-dist/tex/generic/gettitlestring/gettitlestring.sty
Package: gettitlestring 2019/12/15 v1.6 Cleanup title references (HO)
 (c:/texlive/2025/texmf-dist/tex/latex/kvoptions/kvoptions.sty
Package: kvoptions 2022-06-15 v3.15 Key value format for package options (HO)
))
\c@section@level=\count318
) (c:/texlive/2025/texmf-dist/tex/latex/etoolbox/etoolbox.sty
Package: etoolbox 2025/10/02 v2.5m e-TeX tools for LaTeX (JAW)
\etb@tempcnta=\count319
) (c:/texlive/2025/texmf-dist/tex/generic/stringenc/stringenc.sty
Package: stringenc 2019/11/29 v1.12 Convert strings between diff. encodings (HO)
)
\@linkdim=\dimen276
\Hy@linkcounter=\count320
\Hy@pagecounter=\count321
 (c:/texlive/2025/texmf-dist/tex/latex/hyperref/pd1enc.def
File: pd1enc.def 2025-07-12 v7.01o Hyperref: PDFDocEncoding definition (HO)
Now handling font encoding PD1 ...
... no UTF-8 mapping file for font encoding PD1
) (c:/texlive/2025/texmf-dist/tex/generic/intcalc/intcalc.sty
Package: intcalc 2019/12/15 v1.3 Expandable calculations with integers (HO)
)
\Hy@SavedSpaceFactor=\count322
 (c:/texlive/2025/texmf-dist/tex/latex/hyperref/puenc.def
File: puenc.def 2025-07-12 v7.01o Hyperref: PDF Unicode definition (HO)
Now handling font encoding PU ...
... no UTF-8 mapping file for font encoding PU
)
Package hyperref Info: Hyper figures OFF on input line 4195.
Package hyperref Info: Link nesting OFF on input line 4200.
Package hyperref Info: Hyper index ON on input line 4203.
Package hyperref Info: Plain pages OFF on input line 4210.
Package hyperref Info: Backreferencing OFF on input line 4215.
Package hyperref Info: Implicit mode ON; LaTeX internals redefined.
Package hyperref Info: Bookmarks ON on input line 4462.
\c@Hy@tempcnt=\count323
 (c:/texlive/2025/texmf-dist/tex/latex/url/url.sty
\Urlmuskip=\muskip18
Package: url 2013/09/16  ver 3.4  Verb mode for urls, etc.
)
LaTeX Info: Redefining \url on input line 4801.
\XeTeXLinkMargin=\dimen277
 (c:/texlive/2025/texmf-dist/tex/generic/bitset/bitset.sty
Package: bitset 2019/12/09 v1.3 Handle bit-vector datatype (HO)
 (c:/texlive/2025/texmf-dist/tex/generic/bigintcalc/bigintcalc.sty
Package: bigintcalc 2019/12/15 v1.5 Expandable calculations on big integers (HO)
))
\Fld@menulength=\count324
\Field@Width=\dimen278
\Fld@charsize=\dimen279
Package hyperref Info: Hyper figures OFF on input line 6078.
Package hyperref Info: Link nesting OFF on input line 6083.
Package hyperref Info: Hyper index ON on input line 6086.
Package hyperref Info: backreferencing OFF on input line 6093.
Package hyperref Info: Link coloring OFF on input line 6098.
Package hyperref Info: Link coloring with OCG OFF on input line 6103.
Package hyperref Info: PDF/A mode OFF on input line 6108.
\Hy@abspage=\count325
\c@Item=\count326
\c@Hfootnote=\count327
)
Package hyperref Info: Driver (autodetected): hpdftex.
 (c:/texlive/2025/texmf-dist/tex/latex/hyperref/hpdftex.def
File: hpdftex.def 2025-07-12 v7.01o Hyperref driver for pdfTeX
\Fld@listcount=\count328
\c@bookmark@seq@number=\count329
 (c:/texlive/2025/texmf-dist/tex/latex/rerunfilecheck/rerunfilecheck.sty
Package: rerunfilecheck 2025-06-21 v1.11 Rerun checks for auxiliary files (HO)
 (c:/texlive/2025/texmf-dist/tex/generic/uniquecounter/uniquecounter.sty
Package: uniquecounter 2019/12/15 v1.4 Provide unlimited unique counter (HO)
)
Package uniquecounter Info: New unique counter `rerunfilecheck' on input line 284.
)
\Hy@SectionHShift=\skip76
) (c:/texlive/2025/texmf-dist/tex/generic/mathdots/mathdots.sty
Package: mathdots 2014/06/11 v0.9 Improve and add various macros for dots in math.
\MDo@unit=\dimen280
\MDo@dotsbox=\box66
\MDoprekern=\muskip19
\MDopostkern=\muskip20
\MDodotkern=\muskip21
) (c:/texlive/2025/texmf-dist/tex/latex/jknapltx/mathrsfs.sty
Package: mathrsfs 1996/01/01 Math RSFS package v1.0 (jk)
\symrsfs=\mathgroup9
) (c:/texlive/2025/texmf-dist/tex/latex/placeins/placeins.sty
Package: placeins 2005/04/18  v 2.2
) (c:/texlive/2025/texmf-dist/tex/generic/nth/nth.sty
Package: nth 2002/02/27
) (c:/texlive/2025/texmf-dist/tex/latex/cite/cite.sty
LaTeX Info: Redefining \cite on input line 302.
LaTeX Info: Redefining \nocite on input line 332.
Package: cite 2015/02/27  v 5.5
) (c:/texlive/2025/texmf-dist/tex/latex/caption/subcaption.sty
Package: subcaption 2023/07/28 v1.6b Sub-captions (AR)
 (c:/texlive/2025/texmf-dist/tex/latex/caption/caption.sty
Package: caption 2023/08/05 v3.6o Customizing captions (AR)


Package caption Warning: Unknown document class (or package),
(caption)                standard defaults will be used.
See the caption package documentation for explanation.

\c@caption@flags=\count330
\c@continuedfloat=\count331
Package caption Info: float package is loaded.
Package caption Info: floatrow package is loaded.
Package caption Info: floatrow package is loaded.
Package caption Info: hyperref package is loaded.
)
Package caption Info: New subtype `subfigure' on input line 238.
\c@subfigure=\count332
Package caption Info: New subtype `subtable' on input line 238.
\c@subtable=\count333
) (c:/texlive/2025/texmf-dist/tex/latex/tools/tabularx.sty
Package: tabularx 2023/12/11 v2.12a `tabularx' package (DPC)
 (c:/texlive/2025/texmf-dist/tex/latex/tools/array.sty
Package: array 2025/06/08 v2.6j Tabular extension package (FMi)
\col@sep=\dimen281
\ar@mcellbox=\box67
\extrarowheight=\dimen282
\NC@list=\toks30
\extratabsurround=\skip77
\backup@length=\skip78
\ar@cellbox=\box68
)
\TX@col@width=\dimen283
\TX@old@table=\dimen284
\TX@old@col=\dimen285
\TX@target=\dimen286
\TX@delta=\dimen287
\TX@cols=\count334
\TX@ftn=\toks31
) (c:/texlive/2025/texmf-dist/tex/latex/tabularray/tabularray.sty
Package: tabularray 2025-08-29 v2025B Typeset tabulars and arrays with LaTeX3
\l__tblr_a_int=\count335
\l__tblr_c_int=\count336
\l__tblr_r_int=\count337
\l__tblr_d_dim=\dimen288
\l__tblr_h_dim=\dimen289
\l__tblr_o_dim=\dimen290
\l__tblr_p_dim=\dimen291
\l__tblr_q_dim=\dimen292
\l__tblr_r_dim=\dimen293
\l__tblr_s_dim=\dimen294
\l__tblr_t_dim=\dimen295
\l__tblr_v_dim=\dimen296
\l__tblr_w_dim=\dimen297
\l__tblr_a_box=\box69
\l__tblr_b_box=\box70
\l__tblr_c_box=\box71
\l__tblr_d_box=\box72
\c@tblrcount=\count338
\c@rownum=\count339
\c@colnum=\count340
\c@rowcount=\count341
\c@colcount=\count342
\abovesep=\dimen298
\belowsep=\dimen299
\leftsep=\dimen300
\rightsep=\dimen301
\gTblrLevelInt=\count343
\g__tblr_data_row_key_count_int=\count344
\g__tblr_data_column_key_count_int=\count345
\g__tblr_data_cell_key_count_int=\count346
\g__tblr_array_int=\count347
\l__tblr_key_count_int=\count348
\l__tblr_key_quotient_int=\count349
\l__tblr_key_quotient_two_int=\count350
\l__tblr_key_remainder_int=\count351
\g__tblr_data_str_value_count_int=\count352
\lTblrChildTotalInt=\count353
\lTblrChildHtotalInt=\count354
\lTblrChildVtotalInt=\count355
\l__child_diff_h_int=\count356
\l__child_diff_v_int=\count357
\l__child_sign_h_int=\count358
\l__child_sign_v_int=\count359
\l__child_step_int=\count360
\lTblrDefaultHruleWidthDim=\dimen302
\lTblrDefaultVruleWidthDim=\dimen303
\l__tblr_split_balance_int=\count361
\l__tblr_strut_dp_dim=\dimen304
\l__tblr_strut_ht_dim=\dimen305
\g__tblr_cell_wd_dim=\dimen306
\g__tblr_cell_ht_dim=\dimen307
\g__tblr_cell_head_dim=\dimen308
\g__tblr_cell_foot_dim=\dimen309
\l__tblr_measured_cell_box=\box73
\g__tblr_last_box=\box74
\l__tblr_temp_box=\box75
\l__tblr_column_target_dim=\dimen310
\l__tblr_hfuzz_dim=\dimen311
\l__tblr_caption_box=\box76
\l__tblr_caption_left_box=\box77
\lTblrRowHeadInt=\count362
\lTblrRowFootInt=\count363
\l__tblr_row_head_box=\box78
\l__tblr_row_foot_box=\box79
\l__tblr_row_head_foot_dim=\dimen312
\lTblrTableWidthDim=\dimen313
\l__tblr_table_firsthead_box=\box80
\l__tblr_table_middlehead_box=\box81
\l__tblr_table_lasthead_box=\box82
\l__tblr_table_firstfoot_box=\box83
\l__tblr_table_middlefoot_box=\box84
\l__tblr_table_lastfoot_box=\box85
\l__tblr_remain_height_dim=\dimen314
\l__tblr_long_from_int=\count364
\l__tblr_long_to_int=\count365
\l__tblr_curr_i_int=\count366
\l__tblr_prev_i_int=\count367
\lTblrTablePageInt=\count368
\l__tblr_table_head_box=\box86
\l__tblr_table_foot_box=\box87
\l__tblr_table_head_foot_dim=\dimen315
\l__tblr_table_head_body_foot_dim=\dimen316
\l__tblr_table_box=\box88
\lTblrRowFirstInt=\count369
\lTblrRowLastInt=\count370
\l__tblr_table_hlines_box=\box89
\l__tblr_hline_box=\box90
\l__tblr_row_box=\box91
\l__tblr_col_o_wd_dim=\dimen317
\l__tblr_col_b_wd_dim=\dimen318
\l__tblr_hline_leftskip_dim=\dimen319
\l__tblr_hline_rightskip_dim=\dimen320
\l__tblr_row_ht_dim=\dimen321
\l__tblr_row_dp_dim=\dimen322
\l__tblr_row_abovesep_dim=\dimen323
\l__tblr_row_belowsep_dim=\dimen324
\l__tblr_row_vlines_box=\box92
\l__tblr_vline_box=\box93
\l__tblr_cell_box=\box94
\l__tblr_row_upper_dim=\dimen325
\l__tblr_row_lower_dim=\dimen326
\l__tblr_row_vpace_dim=\dimen327
\l__tblr_vline_aboveskip_dim=\dimen328
\l__tblr_vline_belowskip_dim=\dimen329
\lTblrCellRowSpanInt=\count371
\lTblrCellColSpanInt=\count372
\l__tblr_cell_wd_dim=\dimen330
\l__tblr_cell_ht_dim=\dimen331
\lTblrCellAboveBorderWidthDim=\dimen332
\lTblrCellBelowBorderWidthDim=\dimen333
\lTblrCellLeftBorderWidthDim=\dimen334
\lTblrCellRightBorderWidthDim=\dimen335
\l__tblr_diag_box=\box95
\l__tblr_cell_inner_wd_dim=\dimen336
\l__tblr_cell_inner_dp_dim=\dimen337
\l__tblr_cell_hanchor_dim=\dimen338
\l__tblr_last_cell_table_ht_dim=\dimen339
\l__tblr_last_cell_table_dp_dim=\dimen340
\l__tblr_last_vline_wd_dim=\dimen341
\l__tblr_tikz_node_box=\box96
) (c:/texlive/2025/texmf-dist/tex/latex/algorithms/algorithm.sty
Package: algorithm 2009/08/24 v0.1 Document Style `algorithm' - floating environment
 (c:/texlive/2025/texmf-dist/tex/latex/base/ifthen.sty
Package: ifthen 2024/03/16 v1.1e Standard LaTeX ifthen package (DPC)
)
\c@algorithm=\count373
) (c:/texlive/2025/texmf-dist/tex/latex/algorithmicx/algpseudocode.sty
Package: algpseudocode 
 (c:/texlive/2025/texmf-dist/tex/latex/algorithmicx/algorithmicx.sty
Package: algorithmicx 2005/04/27 v1.2 Algorithmicx

Document Style algorithmicx 1.2 - a greatly improved `algorithmic' style
\c@ALG@line=\count374
\c@ALG@rem=\count375
\c@ALG@nested=\count376
\ALG@tlm=\skip79
\ALG@thistlm=\skip80
\c@ALG@Lnr=\count377
\c@ALG@blocknr=\count378
\c@ALG@storecount=\count379
\c@ALG@tmpcounter=\count380
\ALG@tmplength=\skip81
)
Document Style - pseudocode environments for use with the `algorithmicx' style
) (c:/texlive/2025/texmf-dist/tex/latex/booktabs/booktabs.sty
Package: booktabs 2020/01/12 v1.61803398 Publication quality tables
\heavyrulewidth=\dimen342
\lightrulewidth=\dimen343
\cmidrulewidth=\dimen344
\belowrulesep=\dimen345
\belowbottomsep=\dimen346
\aboverulesep=\dimen347
\abovetopsep=\dimen348
\cmidrulesep=\dimen349
\cmidrulekern=\dimen350
\defaultaddspace=\dimen351
\@cmidla=\count381
\@cmidlb=\count382
\@aboverulesep=\dimen352
\@belowrulesep=\dimen353
\@thisruleclass=\count383
\@lastruleclass=\count384
\@thisrulewidth=\dimen354
)
Package hyperref Info: Option `colorlinks' set `true' on input line 47.
\symgrb=\mathgroup10
 (./Symbol_ShortCut.tex
\symmathx=\mathgroup11
LaTeX Font Info:    Redeclaring symbol font `mathx' on input line 17.
LaTeX Font Info:    Overwriting symbol font `mathx' in version `normal'
(Font)                  U/mathx/m/n --> U/mathx/m/n on input line 17.
LaTeX Font Info:    Overwriting symbol font `mathx' in version `bold'
(Font)                  U/mathx/m/n --> U/mathx/m/n on input line 17.
)
\c@theorem=\count385
\c@corollary=\count386
\c@definition=\count387
 (c:/texlive/2025/texmf-dist/tex/latex/l3backend/l3backend-pdftex.def
File: l3backend-pdftex.def 2025-06-09 L3 backend support: PDF output (pdfTeX)
\l__color_backend_stack_int=\count388
) (./20260303_UL_RSMA_min_latency.aux

LaTeX Warning: Label `eq_short_blocklength_latency_min_prob' multiply defined.


LaTeX Warning: Label `eq_short_blocklength_latency_min_prob' multiply defined.

)
\openout1 = `20260303_UL_RSMA_min_latency.aux'.

LaTeX Font Info:    Checking defaults for OML/cmm/m/it on input line 114.
LaTeX Font Info:    ... okay on input line 114.
LaTeX Font Info:    Checking defaults for OMS/cmsy/m/n on input line 114.
LaTeX Font Info:    ... okay on input line 114.
LaTeX Font Info:    Checking defaults for OT1/cmr/m/n on input line 114.
LaTeX Font Info:    ... okay on input line 114.
LaTeX Font Info:    Checking defaults for T1/cmr/m/n on input line 114.
LaTeX Font Info:    ... okay on input line 114.
LaTeX Font Info:    Checking defaults for TS1/cmr/m/n on input line 114.
LaTeX Font Info:    ... okay on input line 114.
LaTeX Font Info:    Checking defaults for OMX/cmex/m/n on input line 114.
LaTeX Font Info:    ... okay on input line 114.
LaTeX Font Info:    Checking defaults for U/mathx/m/n on input line 114.
LaTeX Font Info:    ... okay on input line 114.
LaTeX Font Info:    Checking defaults for PD1/pdf/m/n on input line 114.
LaTeX Font Info:    ... okay on input line 114.
LaTeX Font Info:    Checking defaults for PU/pdf/m/n on input line 114.
LaTeX Font Info:    ... okay on input line 114.

-- Lines per column: 34 (exact).
(c:/texlive/2025/texmf-dist/tex/context/base/mkii/supp-pdf.mkii
[Loading MPS to PDF converter (version 2006.09.02).]
\scratchcounter=\count389
\scratchdimen=\dimen355
\scratchbox=\box97
\nofMPsegments=\count390
\nofMParguments=\count391
\everyMPshowfont=\toks32
\MPscratchCnt=\count392
\MPscratchDim=\dimen356
\MPnumerator=\count393
\makeMPintoPDFobject=\count394
\everyMPtoPDFconversion=\toks33
) (c:/texlive/2025/texmf-dist/tex/latex/epstopdf-pkg/epstopdf-base.sty
Package: epstopdf-base 2020-01-24 v2.11 Base part for package epstopdf
Package epstopdf-base Info: Redefining graphics rule for `.eps' on input line 485.
 (c:/texlive/2025/texmf-dist/tex/latex/latexconfig/epstopdf-sys.cfg
File: epstopdf-sys.cfg 2010/07/13 v1.3 Configuration of (r)epstopdf for TeX Live
))
Package caption Info: Begin \AtBeginDocument code.
Package caption Info: End \AtBeginDocument code.
Package hyperref Info: Link coloring ON on input line 114.
 (./20260303_UL_RSMA_min_latency.out) (./20260303_UL_RSMA_min_latency.out)
\@outlinefile=\write4
\openout4 = `20260303_UL_RSMA_min_latency.out'.

LaTeX Font Info:    Calculating math sizes for size <14> on input line 116.
LaTeX Font Info:    Trying to load font information for U+msa on input line 116.
 (c:/texlive/2025/texmf-dist/tex/latex/amsfonts/umsa.fd
File: umsa.fd 2013/01/14 v3.01 AMS symbols A
)
LaTeX Font Info:    Trying to load font information for U+msb on input line 116.
 (c:/texlive/2025/texmf-dist/tex/latex/amsfonts/umsb.fd
File: umsb.fd 2013/01/14 v3.01 AMS symbols B
)
LaTeX Font Info:    Trying to load font information for U+rsfs on input line 116.
 (c:/texlive/2025/texmf-dist/tex/latex/jknapltx/ursfs.fd
File: ursfs.fd 1998/03/24 rsfs font definition file (jk)
)

[1{c:/texlive/2025/texmf-var/fonts/map/pdftex/updmap/pdftex.map}{c:/texlive/2025/texmf-dist/fonts/enc/dvips/base/8r.enc}]

[2]

[3]

[4]
Underfull \hbox (badness 10000) in paragraph at lines 285--286

 []



[5] Excluding 'comment' comment.

[6]

[7]
Package hyperref Info: bookmark level for unknown algorithm defaults to 0 on input line 499.

Underfull \hbox (badness 10000) in paragraph at lines 496--516

 []



[8]

[9]

[10]

[11]
Overfull \hbox (21.24957pt too wide) detected at line 718
\OT1/cmr/m/n/12 ([])[][](\OML/cmm/m/it/12 ^^Q[] \OMS/cmsy/m/n/12 ^^@ \OML/cmm/m/it/12 ^^Q[]\OT1/cmr/m/n/12 ) = \OML/cmm/m/it/12 []\OT1/cmr/m/n/12 (\OML/cmm/m/it/12 ^^Q[] \OMS/cmsy/m/n/12 ^^@ \OML/cmm/m/it/12 ^^Q[]=n[]\OT1/cmr/m/n/12 ) = [] [] \OML/cmm/m/it/12 :
 []


Overfull \hbox (10.66628pt too wide) detected at line 749
\OT1/cmr/m/n/12 ([])[](\OML/cmm/m/it/12 ^^Q[] \OMS/cmsy/m/n/12 ^^@ \OML/cmm/m/it/12 ^^Q[]\OT1/cmr/m/n/12 ) = \OML/cmm/m/it/12 []\OT1/cmr/m/n/12 (\OML/cmm/m/it/12 ^^Q[] \OMS/cmsy/m/n/12 ^^@ \OML/cmm/m/it/12 ^^Q[]=n[]\OT1/cmr/m/n/12 ) = [] [] \OML/cmm/m/it/12 :
 []



[12]
Overfull \hbox (9.05101pt too wide) detected at line 840
[][]
 []

<figs/fig_symbol_blklength.pdf, id=209, 635.90675pt x 151.75797pt>
File: figs/fig_symbol_blklength.pdf Graphic file (type pdf)
<use figs/fig_symbol_blklength.pdf>
Package pdftex.def Info: figs/fig_symbol_blklength.pdf  used on input line 854.
(pdftex.def)             Requested size: 407.66833pt x 97.2938pt.


[13]

[14 <./figs/fig_symbol_blklength.pdf>]
Overfull \hbox (45.64352pt too wide) in paragraph at lines 884--885
[][] 
 []



[15]
Overfull \hbox (7.35132pt too wide) in paragraph at lines 940--942
\OT1/ptm/m/n/12 ([][]10[][]) can be solved by first fix-ing $\OT1/cmr/bx/n/12 F[]$ \OT1/ptm/m/n/12 and find-ing $\OML/cmm/m/it/12 n[]$ \OT1/ptm/m/n/12 via ex-haus-tive search be-tween $\OT1/cmr/m/n/12 [\OML/cmm/m/it/12 n[]; n[]\OT1/cmr/m/n/12 ]$\OT1/ptm/m/n/12 .
 []


Overfull \hbox (62.46487pt too wide) detected at line 953
[]
 []


Overfull \hbox (32.63203pt too wide) in paragraph at lines 953--956
\OT1/ptm/m/n/12 where $\OMS/cmsy/m/n/12 C \OT1/cmr/m/n/12 = []$\OT1/ptm/m/n/12 .
 []


Underfull \vbox (badness 1297) has occurred while \output is active []



[16]

[17]

Package hyperref Warning: Token not allowed in a PDF string (Unicode):
(hyperref)                removing `math shift' on input line 1033.


Package hyperref Warning: Token not allowed in a PDF string (Unicode):
(hyperref)                removing `superscript' on input line 1033.


Package hyperref Warning: Token not allowed in a PDF string (Unicode):
(hyperref)                removing `math shift' on input line 1033.



[18]

[19]

[20]
Overfull \hbox (22.44038pt too wide) in paragraph at lines 1122--1148
 [][] 
 []


Underfull \vbox (badness 10000) has occurred while \output is active []



[21]
Overfull \hbox (22.3308pt too wide) in paragraph at lines 1219--1229
[]$\OMS/cmsy/m/n/12 S[]   []\OT1/cmr/m/n/12 (\OML/cmm/m/it/12 f[]; \OT1/cmr/bx/n/12 F[]\OML/cmm/m/it/12 ; n[]; n[]; \OT1/cmr/m/n/12 ^^A\OML/cmm/m/it/12 n[]; ^^U[]; ^^U[]\OT1/cmr/m/n/12 )$ 
 []



[22]
Overfull \hbox (68.63998pt too wide) in paragraph at lines 1268--1283
[] $\OT1/cmr/m/n/12 (\OT1/cmr/bx/n/12 F[]\OML/cmm/m/it/12 ; ^^U[]; ^^U[]; R[]; c[]; c[]; \OMS/cmsy/m/n/12 L\OT1/cmr/m/n/12 ) \OMS/cmsy/m/n/12   []\OT1/cmr/m/n/12 (\OML/cmm/m/it/12 f[]; \OT1/cmr/bx/n/12 F[]\OML/cmm/m/it/12 ; n[]; epochs; ^^U[]; ^^U[]\OT1/cmr/m/n/12 )$ 
 []



[23]

[24]

[25]

[26]

[27]

[28]
Underfull \hbox (badness 10000) in paragraph at lines 1560--1585

 []



[29]
Underfull \hbox (badness 10000) in paragraph at lines 1618--1641

 []


Underfull \vbox (badness 10000) has occurred while \output is active []



[30]
Overfull \hbox (56.69658pt too wide) in paragraph at lines 1687--1698
[] $\OMS/cmsy/m/n/12 S[]   []\OT1/cmr/m/n/12 (\OML/cmm/m/it/12 f[]; \OT1/cmr/bx/n/12 F[]\OML/cmm/m/it/12 ; n[]; n[]; \OT1/cmr/m/n/12 ^^A\OML/cmm/m/it/12 n[]; ^^U[]; ^^U[]\OT1/cmr/m/n/12 )$ 
 []


Underfull \vbox (badness 10000) has occurred while \output is active []



[31]

[32]

Package hyperref Warning: Token not allowed in a PDF string (Unicode):
(hyperref)                removing `math shift' on input line 1730.


Package hyperref Warning: Token not allowed in a PDF string (Unicode):
(hyperref)                removing `subscript' on input line 1730.


Package hyperref Warning: Token not allowed in a PDF string (Unicode):
(hyperref)                removing `math shift' on input line 1730.


Overfull \hbox (45.55515pt too wide) detected at line 1823
[]
 []



[33]

Package hyperref Warning: Token not allowed in a PDF string (Unicode):
(hyperref)                removing `math shift' on input line 1876.


Package hyperref Warning: Token not allowed in a PDF string (Unicode):
(hyperref)                removing `superscript' on input line 1876.


Package hyperref Warning: Token not allowed in a PDF string (Unicode):
(hyperref)                removing `subscript' on input line 1876.


Package hyperref Warning: Token not allowed in a PDF string (Unicode):
(hyperref)                removing `\ell' on input line 1876.


Package hyperref Warning: Token not allowed in a PDF string (Unicode):
(hyperref)                removing `subscript' on input line 1876.


Package hyperref Warning: Token not allowed in a PDF string (Unicode):
(hyperref)                removing `\ell' on input line 1876.


Package hyperref Warning: Token not allowed in a PDF string (Unicode):
(hyperref)                removing `subscript' on input line 1876.


Package hyperref Warning: Token not allowed in a PDF string (Unicode):
(hyperref)                removing `\ell' on input line 1876.


Package hyperref Warning: Token not allowed in a PDF string (Unicode):
(hyperref)                removing `\epsilon' on input line 1876.


Package hyperref Warning: Token not allowed in a PDF string (Unicode):
(hyperref)                removing `subscript' on input line 1876.


Package hyperref Warning: Token not allowed in a PDF string (Unicode):
(hyperref)                removing `math shift' on input line 1876.



[34]

Package hyperref Warning: Token not allowed in a PDF string (Unicode):
(hyperref)                removing `math shift' on input line 1892.


Package hyperref Warning: Token not allowed in a PDF string (Unicode):
(hyperref)                removing `subscript' on input line 1892.


Package hyperref Warning: Token not allowed in a PDF string (Unicode):
(hyperref)                removing `\ell' on input line 1892.


Package hyperref Warning: Token not allowed in a PDF string (Unicode):
(hyperref)                removing `subscript' on input line 1892.


Package hyperref Warning: Token not allowed in a PDF string (Unicode):
(hyperref)                removing `\epsilon' on input line 1892.


Package hyperref Warning: Token not allowed in a PDF string (Unicode):
(hyperref)                removing `subscript' on input line 1892.


Package hyperref Warning: Token not allowed in a PDF string (Unicode):
(hyperref)                removing `math shift' on input line 1892.


Underfull \vbox (badness 10000) has occurred while \output is active []



[35]

[36]
Overfull \hbox (6.07971pt too wide) in paragraph at lines 2091--2094
 []\OT1/ptm/b/it/12 Experiment 0\OT1/ptm/m/it/12 : [] \OT1/ptm/m/n/12 Ex-per-i-ment 0 uses the fol-low-ing per-user con-fig-u-ra-tion: $\OML/cmm/m/it/12 T \OT1/cmr/m/n/12 = \OMS/cmsy/m/n/12 f\OT1/cmr/m/n/12 10\OML/cmm/m/it/12 ; \OT1/cmr/m/n/12 15\OML/cmm/m/it/12 ; \OT1/cmr/m/n/12 20\OML/cmm/m/it/12 ; \OT1/cmr/m/n/12 30\OMS/cmsy/m/n/12 g$\OT1/ptm/m/n/12 ,
 []

<figs/exp_0/exp0_cfg.png, id=374, 3613.5pt x 2427.0675pt>
File: figs/exp_0/exp0_cfg.png Graphic file (type png)
<use figs/exp_0/exp0_cfg.png>
Package pdftex.def Info: figs/exp_0/exp0_cfg.png  used on input line 2097.
(pdftex.def)             Requested size: 407.66833pt x 273.79251pt.


[37]
Overfull \hbox (24.83105pt too wide) in paragraph at lines 2106--2116
 [][] 
 []

<figs/exp_0/testing_optimization_user0_block0.png, id=384, 425.1885pt x 280.8894pt>
File: figs/exp_0/testing_optimization_user0_block0.png Graphic file (type png)
<use figs/exp_0/testing_optimization_user0_block0.png>
Package pdftex.def Info: figs/exp_0/testing_optimization_user0_block0.png  used on input line 2135.
(pdftex.def)             Requested size: 317.07614pt x 209.47931pt.

Underfull \vbox (badness 10000) has occurred while \output is active []



[38 <./figs/exp_0/exp0_cfg.png (PNG copy)>]
<figs/exp_0/testing_optimization_user1_block0.png, id=392, 425.6703pt x 280.8894pt>
File: figs/exp_0/testing_optimization_user1_block0.png Graphic file (type png)
<use figs/exp_0/testing_optimization_user1_block0.png>
Package pdftex.def Info: figs/exp_0/testing_optimization_user1_block0.png  used on input line 2147.
(pdftex.def)             Requested size: 317.07614pt x 209.235pt.
<figs/exp_0/testing_optimization_user2_block0.png, id=393, 426.393pt x 280.8894pt>
File: figs/exp_0/testing_optimization_user2_block0.png Graphic file (type png)
<use figs/exp_0/testing_optimization_user2_block0.png>
Package pdftex.def Info: figs/exp_0/testing_optimization_user2_block0.png  used on input line 2161.
(pdftex.def)             Requested size: 217.42265pt x 143.22598pt.
<figs/exp_0/testing_optimization_user2_block1.png, id=394, 425.6703pt x 280.8894pt>
File: figs/exp_0/testing_optimization_user2_block1.png Graphic file (type png)
<use figs/exp_0/testing_optimization_user2_block1.png>
Package pdftex.def Info: figs/exp_0/testing_optimization_user2_block1.png  used on input line 2167.
(pdftex.def)             Requested size: 217.42265pt x 143.47456pt.

Underfull \vbox (badness 10000) has occurred while \output is active []



[39 <./figs/exp_0/testing_optimization_user0_block0.png> <./figs/exp_0/testing_optimization_user1_block0.png>]
<figs/exp_0/testing_optimization_user3_block0.png, id=405, 426.393pt x 280.8894pt>
File: figs/exp_0/testing_optimization_user3_block0.png Graphic file (type png)
<use figs/exp_0/testing_optimization_user3_block0.png>
Package pdftex.def Info: figs/exp_0/testing_optimization_user3_block0.png  used on input line 2183.
(pdftex.def)             Requested size: 217.42265pt x 143.22598pt.
<figs/exp_0/testing_optimization_user3_block1.png, id=406, 425.6703pt x 280.8894pt>
File: figs/exp_0/testing_optimization_user3_block1.png Graphic file (type png)
<use figs/exp_0/testing_optimization_user3_block1.png>
Package pdftex.def Info: figs/exp_0/testing_optimization_user3_block1.png  used on input line 2189.
(pdftex.def)             Requested size: 217.42265pt x 143.47456pt.
<figs/exp_0/test_latency_comparison.png, id=407, 722.7pt x 433.62pt>
File: figs/exp_0/test_latency_comparison.png Graphic file (type png)
<use figs/exp_0/test_latency_comparison.png>
Package pdftex.def Info: figs/exp_0/test_latency_comparison.png  used on input line 2209.
(pdftex.def)             Requested size: 362.37569pt x 217.4248pt.
<figs/exp_0/test_initial_async_heatmap.png, id=408, 578.16pt x 433.62pt>
File: figs/exp_0/test_initial_async_heatmap.png Graphic file (type png)
<use figs/exp_0/test_initial_async_heatmap.png>
Package pdftex.def Info: figs/exp_0/test_initial_async_heatmap.png  used on input line 2216.
(pdftex.def)             Requested size: 217.42265pt x 163.06363pt.
<figs/exp_0/test_final_async_heatmap.png, id=409, 578.16pt x 433.62pt>
File: figs/exp_0/test_final_async_heatmap.png Graphic file (type png)
<use figs/exp_0/test_final_async_heatmap.png>
Package pdftex.def Info: figs/exp_0/test_final_async_heatmap.png  used on input line 2222.
(pdftex.def)             Requested size: 217.42265pt x 163.06363pt.

Underfull \vbox (badness 4713) has occurred while \output is active []



[40 <./figs/exp_0/testing_optimization_user2_block0.png> <./figs/exp_0/testing_optimization_user2_block1.png> <./figs/exp_0/testing_optimization_user3_block0.png> <./figs/exp_0/testing_optimization_user3_block1.png>]

[41 <./figs/exp_0/test_latency_comparison.png> <./figs/exp_0/test_initial_async_heatmap.png> <./figs/exp_0/test_final_async_heatmap.png>]
<figs/exp_k100/user_config_reverse_summary.png, id=433, 867.24pt x 686.565pt>
File: figs/exp_k100/user_config_reverse_summary.png Graphic file (type png)
<use figs/exp_k100/user_config_reverse_summary.png>
Package pdftex.def Info: figs/exp_k100/user_config_reverse_summary.png  used on input line 2235.
(pdftex.def)             Requested size: 430.31812pt x 340.6731pt.
<figs/exp_k100/test_latency_histogram.png, id=434, 722.7pt x 433.62pt>
File: figs/exp_k100/test_latency_histogram.png Graphic file (type png)
<use figs/exp_k100/test_latency_histogram.png>
Package pdftex.def Info: figs/exp_k100/test_latency_histogram.png  used on input line 2247.
(pdftex.def)             Requested size: 217.42265pt x 130.45091pt.
<figs/exp_k100/test_async_distribution.png, id=435, 722.7pt x 433.62pt>
File: figs/exp_k100/test_async_distribution.png Graphic file (type png)
<use figs/exp_k100/test_async_distribution.png>
Package pdftex.def Info: figs/exp_k100/test_async_distribution.png  used on input line 2253.
(pdftex.def)             Requested size: 217.42265pt x 130.45091pt.
<figs/exp_k100/test_latency_comparison.png, id=436, 1445.4pt x 433.62pt>
File: figs/exp_k100/test_latency_comparison.png Graphic file (type png)
<use figs/exp_k100/test_latency_comparison.png>
Package pdftex.def Info: figs/exp_k100/test_latency_comparison.png  used on input line 2266.
(pdftex.def)             Requested size: 430.31812pt x 129.09453pt.
<figs/exp_k100/test_initial_async_heatmap.png, id=437, 867.24pt x 722.7pt>
File: figs/exp_k100/test_initial_async_heatmap.png Graphic file (type png)
<use figs/exp_k100/test_initial_async_heatmap.png>
Package pdftex.def Info: figs/exp_k100/test_initial_async_heatmap.png  used on input line 2272.
(pdftex.def)             Requested size: 217.42265pt x 181.18181pt.
<figs/exp_k100/test_final_async_heatmap.png, id=438, 867.24pt x 722.7pt>
File: figs/exp_k100/test_final_async_heatmap.png Graphic file (type png)
<use figs/exp_k100/test_final_async_heatmap.png>
Package pdftex.def Info: figs/exp_k100/test_final_async_heatmap.png  used on input line 2278.
(pdftex.def)             Requested size: 217.42265pt x 181.18181pt.

Overfull \hbox (12.0pt too wide) in paragraph at lines 2260--2285
[]$[]$ 
 []


Underfull \vbox (badness 10000) has occurred while \output is active []



[42 <./figs/exp_k100/user_config_reverse_summary.png> <./figs/exp_k100/test_latency_histogram.png> <./figs/exp_k100/test_async_distribution.png>]

[43 <./figs/exp_k100/test_latency_comparison.png> <./figs/exp_k100/test_initial_async_heatmap.png> <./figs/exp_k100/test_final_async_heatmap.png>]

[44] (./20260303_UL_RSMA_min_latency.aux)
 ***********
LaTeX2e <2025-06-01> patch level 1
L3 programming layer <2025-09-02>
 ***********


LaTeX Warning: There were multiply-defined labels.

Package rerunfilecheck Info: File `20260303_UL_RSMA_min_latency.out' has not changed.
(rerunfilecheck)             Checksum: DDA5384A5872713986F066B07EDF716A;5866.
 ) 
Here is how much of TeX's memory you used:
 17928 strings out of 469686
 308406 string characters out of 5476674
 722124 words of memory out of 5000000
 45984 multiletter control sequences out of 15000+600000
 684055 words of font info for 167 fonts, out of 8000000 for 9000
 36 hyphenation exceptions out of 8191
 75i,19n,79p,861b,623s stack positions out of 10000i,1000n,20000p,200000b,200000s
<c:/texlive/2025/texmf-dist/fonts/type1/public/amsfonts/cm/cmbx12.pfb><c:/texlive/2025/texmf-dist/fonts/type1/public/amsfonts/cm/cmbx8.pfb><c:/texlive/2025/texmf-dist/fonts/type1/public/amsfonts/cm/cmex10.pfb><c:/texlive/2025/texmf-dist/fonts/type1/public/amsfonts/cm/cmmi10.pfb><c:/texlive/2025/texmf-dist/fonts/type1/public/amsfonts/cm/cmmi12.pfb><c:/texlive/2025/texmf-dist/fonts/type1/public/amsfonts/cm/cmmi6.pfb><c:/texlive/2025/texmf-dist/fonts/type1/public/amsfonts/cm/cmmi8.pfb><c:/texlive/2025/texmf-dist/fonts/type1/public/amsfonts/cm/cmmib10.pfb><c:/texlive/2025/texmf-dist/fonts/type1/public/amsfonts/cmextra/cmmib8.pfb><c:/texlive/2025/texmf-dist/fonts/type1/public/amsfonts/cm/cmr10.pfb><c:/texlive/2025/texmf-dist/fonts/type1/public/amsfonts/cm/cmr12.pfb><c:/texlive/2025/texmf-dist/fonts/type1/public/amsfonts/cm/cmr6.pfb><c:/texlive/2025/texmf-dist/fonts/type1/public/amsfonts/cm/cmr8.pfb><c:/texlive/2025/texmf-dist/fonts/type1/public/amsfonts/cm/cmsy10.pfb><c:/texlive/2025/texmf-dist/fonts/type1/public/amsfonts/cm/cmsy6.pfb><c:/texlive/2025/texmf-dist/fonts/type1/public/amsfonts/cm/cmsy8.pfb><c:/texlive/2025/texmf-dist/fonts/type1/public/amsfonts/symbols/msam10.pfb><c:/texlive/2025/texmf-dist/fonts/type1/public/amsfonts/symbols/msbm10.pfb><c:/texlive/2025/texmf-dist/fonts/type1/urw/times/utmb8a.pfb><c:/texlive/2025/texmf-dist/fonts/type1/urw/times/utmbi8a.pfb><c:/texlive/2025/texmf-dist/fonts/type1/urw/times/utmr8a.pfb><c:/texlive/2025/texmf-dist/fonts/type1/urw/times/utmri8a.pfb>
Output written on 20260303_UL_RSMA_min_latency.pdf (44 pages, 2803429 bytes).
PDF statistics:
 590 PDF objects out of 1000 (max. 8388607)
 459 compressed objects within 5 object streams
 142 named destinations out of 1000 (max. 500000)
 254 words of extra memory for PDF output out of 10000 (max. 10000000)

