\BOOKMARK [1][-]{section.1}{\376\377\000N\000a\000m\000i\000n\000g}{}% 1
\BOOKMARK [1][-]{section.2}{\376\377\000C\000o\000v\000e\000r\000a\000g\000e}{}% 2
\BOOKMARK [2][-]{subsection.2.1}{\376\377\000U\000p\000l\000i\000n\000k}{section.2}% 3
\BOOKMARK [2][-]{subsection.2.2}{\376\377\000D\000o\000w\000n\000l\000i\000n\000k}{section.2}% 4
\BOOKMARK [1][-]{section.3}{\376\377\000L\000a\000t\000e\000n\000c\000y\000,\000\040\000S\000y\000n\000c\000h\000r\000o\000n\000i\000z\000a\000t\000i\000o\000n\000,\000\040\000a\000n\000d\000\040\000S\000e\000r\000v\000i\000c\000e}{}% 5
\BOOKMARK [2][-]{subsection.3.1}{\376\377\000U\000p\000l\000i\000n\000k}{section.3}% 6
\BOOKMARK [2][-]{subsection.3.2}{\376\377\000D\000o\000w\000n\000l\000i\000n\000k}{section.3}% 7
\BOOKMARK [1][-]{section.4}{\376\377\000R\000a\000d\000i\000o\000\040\000Q\000u\000a\000l\000i\000t\000y}{}% 8
\BOOKMARK [2][-]{subsection.4.1}{\376\377\000U\000p\000l\000i\000n\000k}{section.4}% 9
\BOOKMARK [2][-]{subsection.4.2}{\376\377\000D\000o\000w\000n\000l\000i\000n\000k}{section.4}% 10
\BOOKMARK [1][-]{section.5}{\376\377\000T\000r\000a\000i\000n\000i\000n\000g\000\040\000a\000n\000d\000\040\000R\000u\000n\000t\000i\000m\000e}{}% 11
\BOOKMARK [2][-]{subsection.5.1}{\376\377\000U\000p\000l\000i\000n\000k}{section.5}% 12
\BOOKMARK [2][-]{subsection.5.2}{\376\377\000D\000o\000w\000n\000l\000i\000n\000k}{section.5}% 13
\BOOKMARK [1][-]{section.6}{\376\377\000A\000s\000c\000e\000n\000d\000i\000n\000g\000\040\000v\000s\000.\000\040\000D\000e\000s\000c\000e\000n\000d\000i\000n\000g\000\040\000S\000e\000a\000r\000c\000h}{}% 14
\BOOKMARK [2][-]{subsection.6.1}{\376\377\000U\000p\000l\000i\000n\000k}{section.6}% 15
\BOOKMARK [2][-]{subsection.6.2}{\376\377\000D\000o\000w\000n\000l\000i\000n\000k}{section.6}% 16
\BOOKMARK [1][-]{section.7}{\376\377\000B\000i\000n\000a\000r\000y\000\040\000T\000e\000s\000t\000-\000T\000i\000m\000e\000\040\000S\000e\000a\000r\000c\000h}{}% 17
\BOOKMARK [2][-]{subsection.7.1}{\376\377\000U\000p\000l\000i\000n\000k}{section.7}% 18
\BOOKMARK [2][-]{subsection.7.2}{\376\377\000D\000o\000w\000n\000l\000i\000n\000k}{section.7}% 19
\BOOKMARK [1][-]{section.8}{\376\377\000I\000n\000v\000e\000r\000s\000e\000-\000C\000N\000R\000\040\000W\000e\000i\000g\000h\000t\000i\000n\000g\000\040\000v\000s\000.\000\040\000U\000n\000w\000e\000i\000g\000h\000t\000e\000d\000\040\000O\000b\000j\000e\000c\000t\000i\000v\000e}{}% 20
\BOOKMARK [2][-]{subsection.8.1}{\376\377\000U\000p\000l\000i\000n\000k}{section.8}% 21
\BOOKMARK [2][-]{subsection.8.2}{\376\377\000D\000o\000w\000n\000l\000i\000n\000k}{section.8}% 22
