\BOOKMARK [1][-]{section.1}{\376\377\000I\000n\000t\000r\000o\000d\000u\000c\000t\000i\000o\000n}{}% 1
\BOOKMARK [1][-]{section.2}{\376\377\000M\000e\000t\000h\000o\000d\000o\000l\000o\000g\000y}{}% 2
\BOOKMARK [2][-]{subsection.2.1}{\376\377\000U\000p\000l\000i\000n\000k\000\040\000B\000l\000o\000c\000k\000l\000e\000n\000g\000t\000h\000\040\000M\000i\000n\000i\000m\000i\000z\000a\000t\000i\000o\000n\000\040\000f\000o\000r\000\040\000R\000e\000d\000u\000c\000t\000i\000o\000n\000\040\000o\000f\000\040\000A\000s\000y\000n\000c\000h\000r\000o\000n\000i\000c\000i\000t\000y}{section.2}% 3
\BOOKMARK [2][-]{subsection.2.2}{\376\377\000U\000p\000l\000i\000n\000k\000\040\000L\000a\000t\000e\000n\000c\000y\000\040\000M\000i\000n\000i\000m\000i\000z\000a\000t\000i\000o\000n\000\040\000U\000s\000i\000n\000g\000\040\000R\000S\000M\000A}{section.2}% 4
\BOOKMARK [2][-]{subsection.2.3}{\376\377\000U\000p\000l\000i\000n\000k\000\040\000L\000a\000t\000e\000n\000c\000y\000\040\000M\000i\000n\000i\000m\000i\000z\000a\000t\000i\000o\000n\000\040\000U\000s\000i\000n\000g\000\040\000F\000i\000n\000i\000t\000e\000\040\000B\000l\000o\000c\000k\000l\000e\000n\000g\000t\000h\000\040\000M\000i\000n\000i\000m\000z\000a\000t\000i\000o\000n}{section.2}% 5
\BOOKMARK [2][-]{subsection.2.4}{\376\377\000U\000p\000l\000i\000n\000k\000\040\000L\000a\000t\000e\000n\000c\000y\000\040\000M\000i\000n\000i\000m\000i\000z\000a\000t\000i\000o\000n\000\040\000w\000i\000t\000h\000\040\000R\000S\000M\000A\000\040\000a\000n\000d\000\040\000F\000i\000n\000i\000t\000e\000\040\000B\000l\000o\000c\000k\000l\000e\000n\000g\000t\000h\000\040\000M\000i\000n\000i\000m\000i\000z\000a\000t\000i\000o\000n}{section.2}% 6
\BOOKMARK [2][-]{subsection.2.5}{\376\377\000P\000r\000o\000b\000l\000e\000m\000\040\000F\000o\000r\000m\000u\000l\000a\000t\000i\000o\000n\000\040\000o\000f\000\040\000B\000l\000o\000c\000k\000l\000e\000n\000g\000t\000h\000\040\000R\000e\000d\000u\000c\000t\000i\000o\000n\000\040\000t\000o\000\040\000R\000e\000d\000u\000c\000e\000\040\000A\000s\000y\000n\000c\000h\000r\000o\000n\000a\000l\000i\000t\000y}{section.2}% 7
\BOOKMARK [2][-]{subsection.2.6}{\376\377\000S\000t\000r\000a\000t\000e\000g\000i\000e\000s\000\040\000t\000o\000\040\000s\000o\000l\000v\000e\000\040\000t\000h\000e\000\040\000P\000r\000o\000b\000l\000e\000m\000\040\000F\000o\000r\000m\000u\000l\000a\000t\000i\000o\000n}{section.2}% 8
\BOOKMARK [2][-]{subsection.2.7}{\376\377\000C\000a\000p\000a\000c\000i\000t\000y\000\040\000a\000n\000d\000\040\000C\000h\000a\000n\000n\000e\000l\000\040\000D\000i\000s\000p\000e\000r\000s\000i\000o\000n}{section.2}% 9
\BOOKMARK [2][-]{subsection.2.8}{\376\377\000R\000e\000v\000i\000s\000e\000d\000\040\000U\000p\000l\000i\000n\000k\000\040\000B\000l\000o\000c\000k\000l\000e\000n\000g\000t\000h\000\040\000M\000i\000n\000i\000m\000i\000z\000a\000t\000i\000o\000n\000\040\000f\000o\000r\000\040\000R\000e\000d\000u\000c\000t\000i\000o\000n\000\040\000o\000f\000\040\000A\000s\000y\000n\000c\000h\000r\000o\000n\000i\000c\000i\000t\000y\000\040\000i\000n\000\040\000R\000a\000y\000l\000e\000i\000g\000h\000\040\000F\000a\000d\000i\000n\000g\000\040\000C\000h\000a\000n\000n\000e\000l}{section.2}% 10
\BOOKMARK [2][-]{subsection.2.9}{\376\377\000P\000r\000o\000b\000l\000e\000m\000\040\000F\000o\000r\000m\000u\000l\000a\000t\000i\000o\000n\000\040\000w\000i\000t\000h\000\040\000R\000a\000y\000l\000e\000i\000g\000h\000\040\000F\000a\000d\000i\000n\000g\000\040\000C\000h\000a\000n\000n\000e\000l}{section.2}% 11
\BOOKMARK [2][-]{subsection.2.10}{\376\377\000S\000o\000l\000u\000t\000i\000o\000n\000\040\000i\000n\000\040\000c\000a\000s\000e\000\040\000o\000f\000\040\000R\000a\000y\000l\000e\000i\000g\000h\000\040\000F\000a\000d\000i\000n\000g\000\040\000C\000h\000a\000n\000n\000e\000l}{section.2}% 12
\BOOKMARK [2][-]{subsection.2.11}{\376\377\000R\000e\000f\000o\000r\000m\000u\000l\000a\000t\000i\000n\000g\000\040\000i\000n\000\040\000A\000W\000G\000N\000\040\000t\000o\000\040\000s\000i\000m\000p\000l\000i\000f\000y\000\040\000c\000h\000a\000n\000n\000e\000l\000\040\000d\000i\000s\000p\000e\000r\000s\000i\000o\000n}{section.2}% 13
\BOOKMARK [2][-]{subsection.2.12}{\376\377\000D\000i\000f\000f\000e\000r\000e\000n\000t\000\040\000f\000o\000r\000m\000u\000l\000a\000t\000i\000o\000n\000s\000\040\000o\000f\000\040\000R\000*\000\040\000a\000n\000d\000\040\000s\000o\000l\000u\000t\000i\000o\000n}{section.2}% 14
\BOOKMARK [2][-]{subsection.2.13}{\376\377\000S\000i\000m\000u\000l\000a\000t\000i\000o\000n\000\040\000o\000f\000\040\000I\000n\000d\000e\000p\000e\000n\000d\000a\000n\000t\000\040\000S\000u\000b\000-\000b\000l\000o\000c\000k\000\040\000T\000r\000a\000n\000s\000m\000i\000s\000s\000i\000o\000n}{section.2}% 15
\BOOKMARK [1][-]{section.3}{\376\377\000L\000a\000t\000e\000n\000c\000y\000\040\000M\000i\000n\000i\000m\000i\000z\000a\000t\000i\000o\000n\000\040\000w\000h\000e\000n\000\040\000n\000u\000m\000b\000e\000r\000\040\000o\000f\000\040\000s\000u\000b\000-\000b\000l\000o\000c\000k\000s\000\050\000L\000k\000\051\000\040\000i\000s\000\040\000u\000n\000k\000n\000o\000w\000n}{}% 16
\BOOKMARK [2][-]{subsection.3.1}{\376\377\000S\000o\000l\000u\000t\000i\000o\000n\000\040\000A\000l\000g\000o\000r\000i\000t\000h\000m}{section.3}% 17
\BOOKMARK [2][-]{subsection.3.2}{\376\377\000D\000e\000f\000i\000n\000i\000n\000g\000\040\000B\000k\000,\000\050\000n\000k\000,\000,\000\040\000F\000k\000,\000\040\000,\000\040\000k\000\051}{section.3}% 18
\BOOKMARK [2][-]{subsection.3.3}{\376\377\000D\000e\000f\000i\000n\000i\000n\000g\000\040\000A\000O\000\050\000B\000k\000,\000\040\000,\000\040\000T\000k\000,\000\040\000k\000\051\000\040}{section.3}% 19
\BOOKMARK [2][-]{subsection.3.4}{\376\377\000R\000e\000s\000u\000l\000t\000s}{section.3}% 20
\BOOKMARK [1][-]{section*.29}{\376\377\000R\000e\000f\000e\000r\000e\000n\000c\000e\000s}{}% 21
