This is pdfTeX, Version 3.141592653-2.6-1.40.24 (MiKTeX 22.12) (preloaded format=pdflatex 2022.12.15)  29 JAN 2026 11:42
entering extended mode
 restricted \write18 enabled.
 %&-line parsing enabled.
**./20260129_UL_RSMA_min_latency.tex
(20260129_UL_RSMA_min_latency.tex
LaTeX2e <2022-11-01> patch level 1
L3 programming layer <2022-11-02>
(C:\bin\MiKTeX\tex/latex/ieeetran\IEEEtran.cls
Document Class: IEEEtran 2015/08/26 V1.8b by Michael Shell
-- See the "IEEEtran_HOWTO" manual for usage information.
-- http://www.michaelshell.org/tex/ieeetran/
\@IEEEtrantmpdimenA=\dimen140
\@IEEEtrantmpdimenB=\dimen141
\@IEEEtrantmpdimenC=\dimen142
\@IEEEtrantmpcountA=\count185
\@IEEEtrantmpcountB=\count186
\@IEEEtrantmpcountC=\count187
\@IEEEtrantmptoksA=\toks16
LaTeX Font Info:    Trying to load font information for OT1+ptm on input line 5
03.
(C:\bin\MiKTeX\tex/latex/psnfss\ot1ptm.fd
File: ot1ptm.fd 2001/06/04 font definitions for OT1/ptm.
)
-- Using 210mm x 297mm (a4) paper.
-- Using PDF output.
\@IEEEnormalsizeunitybaselineskip=\dimen143
-- This is a 12 point document.
\CLASSINFOnormalsizebaselineskip=\dimen144
\CLASSINFOnormalsizeunitybaselineskip=\dimen145
\IEEEnormaljot=\dimen146
LaTeX Font Info:    Font shape `OT1/ptm/bx/n' in size <6> not available
(Font)              Font shape `OT1/ptm/b/n' tried instead on input line 1090.
LaTeX Font Info:    Font shape `OT1/ptm/bx/it' in size <6> not available
(Font)              Font shape `OT1/ptm/b/it' tried instead on input line 1090.

LaTeX Font Info:    Font shape `OT1/ptm/bx/n' in size <8> not available
(Font)              Font shape `OT1/ptm/b/n' tried instead on input line 1090.
LaTeX Font Info:    Font shape `OT1/ptm/bx/it' in size <8> not available
(Font)              Font shape `OT1/ptm/b/it' tried instead on input line 1090.

LaTeX Font Info:    Font shape `OT1/ptm/bx/n' in size <9> not available
(Font)              Font shape `OT1/ptm/b/n' tried instead on input line 1090.
LaTeX Font Info:    Font shape `OT1/ptm/bx/it' in size <9> not available
(Font)              Font shape `OT1/ptm/b/it' tried instead on input line 1090.

LaTeX Font Info:    Font shape `OT1/ptm/bx/n' in size <10> not available
(Font)              Font shape `OT1/ptm/b/n' tried instead on input line 1090.
LaTeX Font Info:    Font shape `OT1/ptm/bx/it' in size <10> not available
(Font)              Font shape `OT1/ptm/b/it' tried instead on input line 1090.

LaTeX Font Info:    Font shape `OT1/ptm/bx/n' in size <12> not available
(Font)              Font shape `OT1/ptm/b/n' tried instead on input line 1090.
LaTeX Font Info:    Font shape `OT1/ptm/bx/it' in size <12> not available
(Font)              Font shape `OT1/ptm/b/it' tried instead on input line 1090.

LaTeX Font Info:    Font shape `OT1/ptm/bx/n' in size <14> not available
(Font)              Font shape `OT1/ptm/b/n' tried instead on input line 1090.
LaTeX Font Info:    Font shape `OT1/ptm/bx/it' in size <14> not available
(Font)              Font shape `OT1/ptm/b/it' tried instead on input line 1090.

LaTeX Font Info:    Font shape `OT1/ptm/bx/n' in size <20> not available
(Font)              Font shape `OT1/ptm/b/n' tried instead on input line 1090.
LaTeX Font Info:    Font shape `OT1/ptm/bx/it' in size <20> not available
(Font)              Font shape `OT1/ptm/b/it' tried instead on input line 1090.

LaTeX Font Info:    Font shape `OT1/ptm/bx/n' in size <22> not available
(Font)              Font shape `OT1/ptm/b/n' tried instead on input line 1090.
LaTeX Font Info:    Font shape `OT1/ptm/bx/it' in size <22> not available
(Font)              Font shape `OT1/ptm/b/it' tried instead on input line 1090.

LaTeX Font Info:    Font shape `OT1/ptm/bx/n' in size <24> not available
(Font)              Font shape `OT1/ptm/b/n' tried instead on input line 1090.
LaTeX Font Info:    Font shape `OT1/ptm/bx/it' in size <24> not available
(Font)              Font shape `OT1/ptm/b/it' tried instead on input line 1090.

\IEEEquantizedlength=\dimen147
\IEEEquantizedlengthdiff=\dimen148
\IEEEquantizedtextheightdiff=\dimen149
\IEEEilabelindentA=\dimen150
\IEEEilabelindentB=\dimen151
\IEEEilabelindent=\dimen152
\IEEEelabelindent=\dimen153
\IEEEdlabelindent=\dimen154
\IEEElabelindent=\dimen155
\IEEEiednormlabelsep=\dimen156
\IEEEiedmathlabelsep=\dimen157
\IEEEiedtopsep=\skip48
\c@section=\count188
\c@subsection=\count189
\c@subsubsection=\count190
\c@paragraph=\count191
\c@IEEEsubequation=\count192
\abovecaptionskip=\skip49
\belowcaptionskip=\skip50
\c@figure=\count193
\c@table=\count194
\@IEEEeqnnumcols=\count195
\@IEEEeqncolcnt=\count196
\@IEEEsubeqnnumrollback=\count197
\@IEEEquantizeheightA=\dimen158
\@IEEEquantizeheightB=\dimen159
\@IEEEquantizeheightC=\dimen160
\@IEEEquantizeprevdepth=\dimen161
\@IEEEquantizemultiple=\count198
\@IEEEquantizeboxA=\box51
\@IEEEtmpitemindent=\dimen162
\IEEEPARstartletwidth=\dimen163
\c@IEEEbiography=\count199
\@IEEEtranrubishbin=\box52
)
\subfigureheight=\skip51
\figurewidth=\skip52
 (C:\bin\MiKTeX\tex/latex/ulem\ulem.sty
\UL@box=\box53
\UL@hyphenbox=\box54
\UL@skip=\skip53
\UL@hook=\toks17
\UL@height=\dimen164
\UL@pe=\count266
\UL@pixel=\dimen165
\ULC@box=\box55
Package: ulem 2019/11/18
\ULdepth=\dimen166
)
(C:\bin\MiKTeX\tex/latex/amsfonts\amsfonts.sty
Package: amsfonts 2013/01/14 v3.01 Basic AMSFonts support
\@emptytoks=\toks18
\symAMSa=\mathgroup4
\symAMSb=\mathgroup5
LaTeX Font Info:    Redeclaring math symbol \hbar on input line 98.
LaTeX Font Info:    Overwriting math alphabet `\mathfrak' in version `bold'
(Font)                  U/euf/m/n --> U/euf/b/n on input line 106.
)
(C:\bin\MiKTeX\tex/latex/amsmath\amsmath.sty
Package: amsmath 2022/04/08 v2.17n AMS math features
\@mathmargin=\skip54

For additional information on amsmath, use the `?' option.
(C:\bin\MiKTeX\tex/latex/amsmath\amstext.sty
Package: amstext 2021/08/26 v2.01 AMS text

(C:\bin\MiKTeX\tex/latex/amsmath\amsgen.sty
File: amsgen.sty 1999/11/30 v2.0 generic functions
\@emptytoks=\toks19
\ex@=\dimen167
))
(C:\bin\MiKTeX\tex/latex/amsmath\amsbsy.sty
Package: amsbsy 1999/11/29 v1.2d Bold Symbols
\pmbraise@=\dimen168
)
(C:\bin\MiKTeX\tex/latex/amsmath\amsopn.sty
Package: amsopn 2022/04/08 v2.04 operator names
)
\inf@bad=\count267
LaTeX Info: Redefining \frac on input line 234.
\uproot@=\count268
\leftroot@=\count269
LaTeX Info: Redefining \overline on input line 399.
LaTeX Info: Redefining \colon on input line 410.
\classnum@=\count270
\DOTSCASE@=\count271
LaTeX Info: Redefining \ldots on input line 496.
LaTeX Info: Redefining \dots on input line 499.
LaTeX Info: Redefining \cdots on input line 620.
\Mathstrutbox@=\box56
\strutbox@=\box57
LaTeX Info: Redefining \big on input line 722.
LaTeX Info: Redefining \Big on input line 723.
LaTeX Info: Redefining \bigg on input line 724.
LaTeX Info: Redefining \Bigg on input line 725.
\big@size=\dimen169
LaTeX Font Info:    Redeclaring font encoding OML on input line 743.
LaTeX Font Info:    Redeclaring font encoding OMS on input line 744.
\macc@depth=\count272
LaTeX Info: Redefining \bmod on input line 905.
LaTeX Info: Redefining \pmod on input line 910.
LaTeX Info: Redefining \smash on input line 940.
LaTeX Info: Redefining \relbar on input line 970.
LaTeX Info: Redefining \Relbar on input line 971.
\c@MaxMatrixCols=\count273
\dotsspace@=\muskip16
\c@parentequation=\count274
\dspbrk@lvl=\count275
\tag@help=\toks20
\row@=\count276
\column@=\count277
\maxfields@=\count278
\andhelp@=\toks21
\eqnshift@=\dimen170
\alignsep@=\dimen171
\tagshift@=\dimen172
\tagwidth@=\dimen173
\totwidth@=\dimen174
\lineht@=\dimen175
\@envbody=\toks22
\multlinegap=\skip55
\multlinetaggap=\skip56
\mathdisplay@stack=\toks23
LaTeX Info: Redefining \[ on input line 2953.
LaTeX Info: Redefining \] on input line 2954.
)
(C:\bin\MiKTeX\tex/latex/amsfonts\amssymb.sty
Package: amssymb 2013/01/14 v3.01 AMS font symbols
)
(C:\bin\MiKTeX\tex/latex/tools\bm.sty
Package: bm 2022/01/05 v1.2f Bold Symbol Support (DPC/FMi)
\symboldoperators=\mathgroup6
\symboldletters=\mathgroup7
\symboldsymbols=\mathgroup8
Package bm Info: No bold for \OMX/cmex/m/n, using \pmb.
Package bm Info: No bold for \U/msa/m/n, using \pmb.
Package bm Info: No bold for \U/msb/m/n, using \pmb.
LaTeX Font Info:    Redeclaring math alphabet \mathbf on input line 149.
)
(C:\bin\MiKTeX\tex/latex/cancel\cancel.sty
Package: cancel 2013/04/12 v2.2 Cancel math terms
)
(C:\bin\MiKTeX\tex/latex/graphics\color.sty
Package: color 2022/01/06 v1.3d Standard LaTeX Color (DPC)

(C:\bin\MiKTeX\tex/latex/graphics-cfg\color.cfg
File: color.cfg 2016/01/02 v1.6 sample color configuration
)
Package color Info: Driver file: pdftex.def on input line 149.

(C:\bin\MiKTeX\tex/latex/graphics-def\pdftex.def
File: pdftex.def 2022/09/22 v1.2b Graphics/color driver for pdftex
)
(C:\bin\MiKTeX\tex/latex/graphics\mathcolor.ltx))
(C:\bin\MiKTeX\tex/latex/comment\comment.sty
\CommentStream=\write3
 Excluding comment 'comment')
(C:\bin\MiKTeX\tex/latex/graphics\epsfig.sty
Package: epsfig 2017/06/25 v1.7b (e)psfig emulation (SPQR)

(C:\bin\MiKTeX\tex/latex/graphics\graphicx.sty
Package: graphicx 2021/09/16 v1.2d Enhanced LaTeX Graphics (DPC,SPQR)

(C:\bin\MiKTeX\tex/latex/graphics\keyval.sty
Package: keyval 2022/05/29 v1.15 key=value parser (DPC)
\KV@toks@=\toks24
)
(C:\bin\MiKTeX\tex/latex/graphics\graphics.sty
Package: graphics 2022/03/10 v1.4e Standard LaTeX Graphics (DPC,SPQR)

(C:\bin\MiKTeX\tex/latex/graphics\trig.sty
Package: trig 2021/08/11 v1.11 sin cos tan (DPC)
)
(C:\bin\MiKTeX\tex/latex/graphics-cfg\graphics.cfg
File: graphics.cfg 2016/06/04 v1.11 sample graphics configuration
)
Package graphics Info: Driver file: pdftex.def on input line 107.
)
\Gin@req@height=\dimen176
\Gin@req@width=\dimen177
)
\epsfxsize=\dimen178
\epsfysize=\dimen179
)
(C:\bin\MiKTeX\tex/latex/tools\enumerate.sty
Package: enumerate 2015/07/23 v3.00 enumerate extensions (DPC)
\@enLab=\toks25
)
(C:\bin\MiKTeX\tex/latex/mathtools\empheq.sty
Package: empheq 2017/03/31 v2.15 Emphasizing equations

(C:\bin\MiKTeX\tex/latex/mathtools\mhsetup.sty
Package: mhsetup 2021/03/18 v1.4 programming setup (MH)
)
(C:\bin\MiKTeX\tex/latex/mathtools\mathtools.sty
Package: mathtools 2022/06/29 v1.29 mathematical typesetting tools

(C:\bin\MiKTeX\tex/latex/tools\calc.sty
Package: calc 2017/05/25 v4.3 Infix arithmetic (KKT,FJ)
\calc@Acount=\count279
\calc@Bcount=\count280
\calc@Adimen=\dimen180
\calc@Bdimen=\dimen181
\calc@Askip=\skip57
\calc@Bskip=\skip58
LaTeX Info: Redefining \setlength on input line 80.
LaTeX Info: Redefining \addtolength on input line 81.
\calc@Ccount=\count281
\calc@Cskip=\skip59
)
\g_MT_multlinerow_int=\count282
\l_MT_multwidth_dim=\dimen182
\origjot=\skip60
\l_MT_shortvdotswithinadjustabove_dim=\dimen183
\l_MT_shortvdotswithinadjustbelow_dim=\dimen184
\l_MT_above_intertext_sep=\dimen185
\l_MT_below_intertext_sep=\dimen186
\l_MT_above_shortintertext_sep=\dimen187
\l_MT_below_shortintertext_sep=\dimen188
\xmathstrut@box=\box58
\xmathstrut@dim=\dimen189
)
\l_EQ_equationtype_int=\count283
\l_EQ_alignmentmode_int=\count284
\l_EQ_totalwidth_dim=\dimen190
\l_EQ_displaywidth_dim=\dimen191
\l_EQ_temp_linewidth_dim=\dimen192
\l_EQ_linewidth_dim=\dimen193
\EmphEqdelimitershortfall=\dimen194
\EmphEqdelimiterfactor=\count285
\g_EQ_toptag_height_dim=\dimen195
\g_EQ_bottomtag_depth_dim=\dimen196
\g_EQ_toprow_height_dim=\dimen197
\g_EQ_bottomrow_depth_dim=\dimen198
\g_EQ_widesttag_dim=\dimen199
\EQ_mathdisplay_box=\box59
\EQ_tag_box=\box60
\g_EQ_temprow_int=\count286
)
(C:\bin\MiKTeX\tex/latex/floatrow\floatrow.sty
Package: floatrow 2008/08/02 v0.3b floatrow: float package extension

(C:\bin\MiKTeX\tex/latex/caption\caption3.sty
Package: caption3 2022/03/17 v2.3b caption3 kernel (AR)
\caption@tempdima=\dimen256
\captionmargin=\dimen257
\caption@leftmargin=\dimen258
\caption@rightmargin=\dimen259
\caption@width=\dimen260
\caption@indent=\dimen261
\caption@parindent=\dimen262
\caption@hangindent=\dimen263
Package caption Info: Unknown document class (or package),
(caption)             standard defaults will be used.
Package caption Info: \@makecaption = \long macro:#1#2->\ifx \@captype \@IEEEta
blestring \footnotesize \bgroup \par \centering \@IEEEtabletopskipstrut {\norma
lfont \footnotesize #1}\\{\normalfont \footnotesize \scshape #2}\par \addvspace
 {0.5\baselineskip }\egroup \@IEEEtablecaptionsepspace \else \@IEEEfigurecaptio
nsepspace \setbox \@tempboxa \hbox {\normalfont \footnotesize {#1.}\nobreakspac
e \nobreakspace #2}\ifdim \wd \@tempboxa >\hsize \setbox \@tempboxa \hbox {\nor
malfont \footnotesize {#1.}\nobreakspace \nobreakspace }\parbox [t]{\hsize }{\n
ormalfont \footnotesize \noindent \unhbox \@tempboxa #2}\else \ifCLASSOPTIONcon
ference \hbox to\hsize {\normalfont \footnotesize \hfil \box \@tempboxa \hfil }
\else \hbox to\hsize {\normalfont \footnotesize \box \@tempboxa \hfil }\fi \fi 
\fi  on input line 1176.
)
\c@float@type=\count287
\float@exts=\toks26
\float@box=\box61
\@floatcapt=\box62
Package floatrow Info: Modified float package code loaded on input line 455.
Package floatrow Info: Modified rotfloat package code loaded on input line 473.

\FR@everyfloat=\toks27
\flrow@foot=\insert252
\FB@wd=\dimen264
\FBo@wd=\dimen265
\FBc@wd=\dimen266
\FBo@ht=\skip61
\FBc@ht=\skip62
\FBf@ht=\skip63
\FBo@max=\skip64
\FBc@max=\skip65
\FBf@max=\skip66
\c@FBl@b=\count288
\floatbox@depth=\count289
\c@FRobj=\count290
\c@FRsobj=\count291
\Xhsize=\skip67
\sXhsize=\skip68
\Zhsize=\skip69
\sZhsize=\skip70
\flrow@rowbox=\box63
\FR@Zunitlength=\dimen267
\c@FBcnt=\count292
\FPOScnt=\count293
\LTleft=\skip71
\LTright=\skip72
\LTleft=\skip73
\LTright=\skip74
\flrow@types=\toks28
)
(C:\bin\MiKTeX\tex/latex/hyperref\hyperref.sty
Package: hyperref 2022-11-13 v7.00u Hypertext links for LaTeX

(C:\bin\MiKTeX\tex/generic/ltxcmds\ltxcmds.sty
Package: ltxcmds 2020-05-10 v1.25 LaTeX kernel commands for general use (HO)
)
(C:\bin\MiKTeX\tex/generic/iftex\iftex.sty
Package: iftex 2022/02/03 v1.0f TeX engine tests
)
(C:\bin\MiKTeX\tex/generic/pdftexcmds\pdftexcmds.sty
Package: pdftexcmds 2020-06-27 v0.33 Utility functions of pdfTeX for LuaTeX (HO
)

(C:\bin\MiKTeX\tex/generic/infwarerr\infwarerr.sty
Package: infwarerr 2019/12/03 v1.5 Providing info/warning/error messages (HO)
)
Package pdftexcmds Info: \pdf@primitive is available.
Package pdftexcmds Info: \pdf@ifprimitive is available.
Package pdftexcmds Info: \pdfdraftmode found.
)
(C:\bin\MiKTeX\tex/latex/kvsetkeys\kvsetkeys.sty
Package: kvsetkeys 2022-10-05 v1.19 Key value parser (HO)
)
(C:\bin\MiKTeX\tex/generic/kvdefinekeys\kvdefinekeys.sty
Package: kvdefinekeys 2019-12-19 v1.6 Define keys (HO)
)
(C:\bin\MiKTeX\tex/generic/pdfescape\pdfescape.sty
Package: pdfescape 2019/12/09 v1.15 Implements pdfTeX's escape features (HO)
)
(C:\bin\MiKTeX\tex/latex/hycolor\hycolor.sty
Package: hycolor 2020-01-27 v1.10 Color options for hyperref/bookmark (HO)
)
(C:\bin\MiKTeX\tex/latex/letltxmacro\letltxmacro.sty
Package: letltxmacro 2019/12/03 v1.6 Let assignment for LaTeX macros (HO)
)
(C:\bin\MiKTeX\tex/latex/auxhook\auxhook.sty
Package: auxhook 2019-12-17 v1.6 Hooks for auxiliary files (HO)
)
(C:\bin\MiKTeX\tex/latex/hyperref\nameref.sty
Package: nameref 2022-05-17 v2.50 Cross-referencing by name of section

(C:\bin\MiKTeX\tex/latex/refcount\refcount.sty
Package: refcount 2019/12/15 v3.6 Data extraction from label references (HO)
)
(C:\bin\MiKTeX\tex/generic/gettitlestring\gettitlestring.sty
Package: gettitlestring 2019/12/15 v1.6 Cleanup title references (HO)

(C:\bin\MiKTeX\tex/latex/kvoptions\kvoptions.sty
Package: kvoptions 2022-06-15 v3.15 Key value format for package options (HO)
))
\c@section@level=\count294
)
\@linkdim=\dimen268
\Hy@linkcounter=\count295
\Hy@pagecounter=\count296

(C:\bin\MiKTeX\tex/latex/hyperref\pd1enc.def
File: pd1enc.def 2022-11-13 v7.00u Hyperref: PDFDocEncoding definition (HO)
Now handling font encoding PD1 ...
... no UTF-8 mapping file for font encoding PD1
)
(C:\bin\MiKTeX\tex/generic/intcalc\intcalc.sty
Package: intcalc 2019/12/15 v1.3 Expandable calculations with integers (HO)
)
(C:\bin\MiKTeX\tex/generic/etexcmds\etexcmds.sty
Package: etexcmds 2019/12/15 v1.7 Avoid name clashes with e-TeX commands (HO)
)
\Hy@SavedSpaceFactor=\count297

(C:\bin\MiKTeX\tex/latex/hyperref\puenc.def
File: puenc.def 2022-11-13 v7.00u Hyperref: PDF Unicode definition (HO)
Now handling font encoding PU ...
... no UTF-8 mapping file for font encoding PU
)
Package hyperref Info: Hyper figures OFF on input line 4162.
Package hyperref Info: Link nesting OFF on input line 4167.
Package hyperref Info: Hyper index ON on input line 4170.
Package hyperref Info: Plain pages OFF on input line 4177.
Package hyperref Info: Backreferencing OFF on input line 4182.
Package hyperref Info: Implicit mode ON; LaTeX internals redefined.
Package hyperref Info: Bookmarks ON on input line 4410.
\c@Hy@tempcnt=\count298

(C:\bin\MiKTeX\tex/latex/url\url.sty
\Urlmuskip=\muskip17
Package: url 2013/09/16  ver 3.4  Verb mode for urls, etc.
)
LaTeX Info: Redefining \url on input line 4748.
\XeTeXLinkMargin=\dimen269

(C:\bin\MiKTeX\tex/generic/bitset\bitset.sty
Package: bitset 2019/12/09 v1.3 Handle bit-vector datatype (HO)

(C:\bin\MiKTeX\tex/generic/bigintcalc\bigintcalc.sty
Package: bigintcalc 2019/12/15 v1.5 Expandable calculations on big integers (HO
)
))
\Fld@menulength=\count299
\Field@Width=\dimen270
\Fld@charsize=\dimen271
Package hyperref Info: Hyper figures OFF on input line 6027.
Package hyperref Info: Link nesting OFF on input line 6032.
Package hyperref Info: Hyper index ON on input line 6035.
Package hyperref Info: backreferencing OFF on input line 6042.
Package hyperref Info: Link coloring OFF on input line 6047.
Package hyperref Info: Link coloring with OCG OFF on input line 6052.
Package hyperref Info: PDF/A mode OFF on input line 6057.

(C:\bin\MiKTeX\tex/latex/base\atbegshi-ltx.sty
Package: atbegshi-ltx 2021/01/10 v1.0c Emulation of the original atbegshi
package with kernel methods
)
\Hy@abspage=\count300
\c@Item=\count301
\c@Hfootnote=\count302
)
Package hyperref Info: Driver (autodetected): hpdftex.

(C:\bin\MiKTeX\tex/latex/hyperref\hpdftex.def
File: hpdftex.def 2022-11-13 v7.00u Hyperref driver for pdfTeX

(C:\bin\MiKTeX\tex/latex/base\atveryend-ltx.sty
Package: atveryend-ltx 2020/08/19 v1.0a Emulation of the original atveryend pac
kage
with kernel methods
)
\Fld@listcount=\count303
\c@bookmark@seq@number=\count304

(C:\bin\MiKTeX\tex/latex/rerunfilecheck\rerunfilecheck.sty
Package: rerunfilecheck 2022-07-10 v1.10 Rerun checks for auxiliary files (HO)

(C:\bin\MiKTeX\tex/generic/uniquecounter\uniquecounter.sty
Package: uniquecounter 2019/12/15 v1.4 Provide unlimited unique counter (HO)
)
Package uniquecounter Info: New unique counter `rerunfilecheck' on input line 2
85.
)
\Hy@SectionHShift=\skip75
)
(C:\bin\MiKTeX\tex/generic/genmisc\mathdots.sty
Package: mathdots 2004/07/02 version 0.6.
\MD@unit=\dimen272
LaTeX Info: Redefining \ddots on input line 120.
LaTeX Info: Redefining \vdots on input line 122.


Package Mathdots Warning: Redefining amsmath commands \dddot and \ddddot.

LaTeX Info: Redefining \dddot on input line 145.
LaTeX Info: Redefining \ddddot on input line 145.
) (C:\bin\MiKTeX\tex/latex/jknappen\mathrsfs.sty
Package: mathrsfs 1996/01/01 Math RSFS package v1.0 (jk)
\symrsfs=\mathgroup9
)
(C:\bin\MiKTeX\tex/latex/placeins\placeins.sty
Package: placeins 2005/04/18  v 2.2
)
(C:\bin\MiKTeX\tex/generic/genmisc\nth.sty
Package: nth 2002/02/27
)
(C:\bin\MiKTeX\tex/latex/cite\cite.sty
LaTeX Info: Redefining \cite on input line 302.
LaTeX Info: Redefining \nocite on input line 332.
Package: cite 2015/02/27  v 5.5
)
(C:\bin\MiKTeX\tex/latex/caption\subcaption.sty
Package: subcaption 2022/01/07 v1.5 Sub-captions (AR)

(C:\bin\MiKTeX\tex/latex/caption\caption.sty
Package: caption 2022/03/01 v3.6b Customizing captions (AR)


Package caption Warning: Unknown document class (or package),
(caption)                standard defaults will be used.
See the caption package documentation for explanation.

\c@caption@flags=\count305
\c@continuedfloat=\count306
Package caption Info: float package is loaded.
Package caption Info: floatrow package is loaded.
Package caption Info: hyperref package is loaded.
)
\c@subfigure=\count307
\c@subtable=\count308
) (C:\bin\MiKTeX\tex/latex/tools\tabularx.sty
Package: tabularx 2020/01/15 v2.11c `tabularx' package (DPC)

(C:\bin\MiKTeX\tex/latex/tools\array.sty
Package: array 2022/03/10 v2.5f Tabular extension package (FMi)
\col@sep=\dimen273
\ar@mcellbox=\box64
\extrarowheight=\dimen274
\NC@list=\toks29
\extratabsurround=\skip76
\backup@length=\skip77
\ar@cellbox=\box65
)
\TX@col@width=\dimen275
\TX@old@table=\dimen276
\TX@old@col=\dimen277
\TX@target=\dimen278
\TX@delta=\dimen279
\TX@cols=\count309
\TX@ftn=\toks30
)
(C:\bin\MiKTeX\tex/latex/tabularray\tabularray.sty
(C:\bin\MiKTeX\tex/latex/l3kernel\expl3.sty
Package: expl3 2022-11-02 L3 programming layer (loader) 

(C:\bin\MiKTeX\tex/latex/l3backend\l3backend-pdftex.def
File: l3backend-pdftex.def 2022-10-26 L3 backend support: PDF output (pdfTeX)
\l__color_backend_stack_int=\count310
\l__pdf_internal_box=\box66
))
Package: tabularray 2022-11-01 v2022D Typeset tabulars and arrays with LaTeX3
\l__tblr_a_int=\count311
\l__tblr_c_int=\count312
\l__tblr_r_int=\count313
\l__tblr_d_dim=\dimen280
\l__tblr_h_dim=\dimen281
\l__tblr_o_dim=\dimen282
\l__tblr_p_dim=\dimen283
\l__tblr_q_dim=\dimen284
\l__tblr_r_dim=\dimen285
\l__tblr_s_dim=\dimen286
\l__tblr_t_dim=\dimen287
\l__tblr_v_dim=\dimen288
\l__tblr_w_dim=\dimen289
\l__tblr_a_box=\box67
\l__tblr_b_box=\box68
\l__tblr_c_box=\box69
\l__tblr_d_box=\box70
\g__tblr_table_count_int=\count314
\c@rownum=\count315
\c@colnum=\count316
\c@rowcount=\count317
\c@colcount=\count318
\abovesep=\dimen290
\belowsep=\dimen291
\leftsep=\dimen292
\rightsep=\dimen293
\g_tblr_level_int=\count319
\g__tblr_data_row_key_count_int=\count320
\g__tblr_data_column_key_count_int=\count321
\g__tblr_data_cell_key_count_int=\count322
\g__tblr_array_int=\count323
\l__tblr_key_count_int=\count324
\l__tblr_key_quotient_int=\count325
\l__tblr_key_quotient_two_int=\count326
\l__tblr_key_remainder_int=\count327
\g__tblr_data_str_value_count_int=\count328
\rulewidth=\dimen294
\l__tblr_strut_dp_dim=\dimen295
\l__tblr_strut_ht_dim=\dimen296
\g__tblr_cell_wd_dim=\dimen297
\g__tblr_cell_ht_dim=\dimen298
\g__tblr_cell_head_dim=\dimen299
\g__tblr_cell_foot_dim=\dimen300
\l__column_target_dim=\dimen301
\l__tblr_caption_box=\box71
\l__tblr_caption_left_box=\box72
\l__tblr_row_head_box=\box73
\l__tblr_row_foot_box=\box74
\l__tblr_row_head_foot_dim=\dimen302
\tablewidth=\dimen303
\l__tblr_table_firsthead_box=\box75
\l__tblr_table_middlehead_box=\box76
\l__tblr_table_lasthead_box=\box77
\l__tblr_table_firstfoot_box=\box78
\l__tblr_table_middlefoot_box=\box79
\l__tblr_table_lastfoot_box=\box80
\l__tblr_remain_height_dim=\dimen304
\l__tblr_long_from_int=\count329
\l__tblr_long_to_int=\count330
\l__tblr_curr_i_int=\count331
\l__tblr_prev_i_int=\count332
\l__tblr_table_page_int=\count333
\l__tblr_table_head_box=\box81
\l__tblr_table_foot_box=\box82
\l__tblr_table_head_foot_dim=\dimen305
\l__tblr_table_head_body_foot_dim=\dimen306
\l__tblr_table_box=\box83
\l__tblr_table_hlines_box=\box84
\l__tblr_hline_box=\box85
\l__tblr_row_box=\box86
\l__tblr_col_o_wd_dim=\dimen307
\l__tblr_col_b_wd_dim=\dimen308
\l__tblr_hline_leftskip_dim=\dimen309
\l__tblr_hline_rightskip_dim=\dimen310
\l__tblr_row_ht_dim=\dimen311
\l__tblr_row_dp_dim=\dimen312
\l__tblr_row_abovesep_dim=\dimen313
\l__tblr_row_belowsep_dim=\dimen314
\l__tblr_row_vlines_box=\box87
\l__tblr_vline_box=\box88
\l__tblr_cell_box=\box89
\l__row_upper_dim=\dimen315
\l__row_lower_dim=\dimen316
\l__row_vpace_dim=\dimen317
\l__tblr_vline_aboveskip_dim=\dimen318
\l__tblr_vline_belowskip_dim=\dimen319
\l__tblr_cell_wd_dim=\dimen320
\l__tblr_cell_ht_dim=\dimen321
\l__tblr_diag_box=\box90
)
(C:\bin\MiKTeX\tex/latex/algorithms\algorithm.sty
Package: algorithm 2009/08/24 v0.1 Document Style `algorithm' - floating enviro
nment

(C:\bin\MiKTeX\tex/latex/base\ifthen.sty
Package: ifthen 2022/04/13 v1.1d Standard LaTeX ifthen package (DPC)
)
\c@algorithm=\count334
)
(C:\bin\MiKTeX\tex/latex/algorithmicx\algpseudocode.sty
Package: algpseudocode 

(C:\bin\MiKTeX\tex/latex/algorithmicx\algorithmicx.sty
Package: algorithmicx 2005/04/27 v1.2 Algorithmicx

Document Style algorithmicx 1.2 - a greatly improved `algorithmic' style
\c@ALG@line=\count335
\c@ALG@rem=\count336
\c@ALG@nested=\count337
\ALG@tlm=\skip78
\ALG@thistlm=\skip79
\c@ALG@Lnr=\count338
\c@ALG@blocknr=\count339
\c@ALG@storecount=\count340
\c@ALG@tmpcounter=\count341
\ALG@tmplength=\skip80
)
Document Style - pseudocode environments for use with the `algorithmicx' style
) (C:\bin\MiKTeX\tex/latex/booktabs\booktabs.sty
Package: booktabs 2020/01/12 v1.61803398 Publication quality tables
\heavyrulewidth=\dimen322
\lightrulewidth=\dimen323
\cmidrulewidth=\dimen324
\belowrulesep=\dimen325
\belowbottomsep=\dimen326
\aboverulesep=\dimen327
\abovetopsep=\dimen328
\cmidrulesep=\dimen329
\cmidrulekern=\dimen330
\defaultaddspace=\dimen331
\@cmidla=\count342
\@cmidlb=\count343
\@aboverulesep=\dimen332
\@belowrulesep=\dimen333
\@thisruleclass=\count344
\@lastruleclass=\count345
\@thisrulewidth=\dimen334
)
(C:\bin\MiKTeX\tex/latex/etoolbox\etoolbox.sty
Package: etoolbox 2020/10/05 v2.5k e-TeX tools for LaTeX (JAW)
\etb@tempcnta=\count346
)
Package hyperref Info: Option `colorlinks' set `true' on input line 44.
\symgrb=\mathgroup10
 (Symbol_Shortcut.tex
\symmathx=\mathgroup11
LaTeX Font Info:    Redeclaring symbol font `mathx' on input line 17.
LaTeX Font Info:    Overwriting symbol font `mathx' in version `normal'
(Font)                  U/mathx/m/n --> U/mathx/m/n on input line 17.
LaTeX Font Info:    Overwriting symbol font `mathx' in version `bold'
(Font)                  U/mathx/m/n --> U/mathx/m/n on input line 17.
)
\c@theorem=\count347
\c@corollary=\count348
\c@definition=\count349

(20260129_UL_RSMA_min_latency.aux

LaTeX Warning: Label `eq_short_blocklength_latency_min_prob' multiply defined.


LaTeX Warning: Label `eq_short_blocklength_latency_min_prob' multiply defined.

)
\openout1 = `20260129_UL_RSMA_min_latency.aux'.

LaTeX Font Info:    Checking defaults for OML/cmm/m/it on input line 111.
LaTeX Font Info:    ... okay on input line 111.
LaTeX Font Info:    Checking defaults for OMS/cmsy/m/n on input line 111.
LaTeX Font Info:    ... okay on input line 111.
LaTeX Font Info:    Checking defaults for OT1/cmr/m/n on input line 111.
LaTeX Font Info:    ... okay on input line 111.
LaTeX Font Info:    Checking defaults for T1/cmr/m/n on input line 111.
LaTeX Font Info:    ... okay on input line 111.
LaTeX Font Info:    Checking defaults for TS1/cmr/m/n on input line 111.
LaTeX Font Info:    ... okay on input line 111.
LaTeX Font Info:    Checking defaults for OMX/cmex/m/n on input line 111.
LaTeX Font Info:    ... okay on input line 111.
LaTeX Font Info:    Checking defaults for U/mathx/m/n on input line 111.
LaTeX Font Info:    ... okay on input line 111.
LaTeX Font Info:    Checking defaults for PD1/pdf/m/n on input line 111.
LaTeX Font Info:    ... okay on input line 111.
LaTeX Font Info:    Checking defaults for PU/pdf/m/n on input line 111.
LaTeX Font Info:    ... okay on input line 111.

-- Lines per column: 34 (exact).
LaTeX Info: Command `\dddot' is already robust on input line 111.
LaTeX Info: Command `\ddddot' is already robust on input line 111.
(C:\bin\MiKTeX\tex/context/base/mkii\supp-pdf.mkii
[Loading MPS to PDF converter (version 2006.09.02).]
\scratchcounter=\count350
\scratchdimen=\dimen335
\scratchbox=\box91
\nofMPsegments=\count351
\nofMParguments=\count352
\everyMPshowfont=\toks31
\MPscratchCnt=\count353
\MPscratchDim=\dimen336
\MPnumerator=\count354
\makeMPintoPDFobject=\count355
\everyMPtoPDFconversion=\toks32
) (C:\bin\MiKTeX\tex/latex/epstopdf-pkg\epstopdf-base.sty
Package: epstopdf-base 2020-01-24 v2.11 Base part for package epstopdf
Package epstopdf-base Info: Redefining graphics rule for `.eps' on input line 4
85.

(C:\bin\MiKTeX\tex/latex/00miktex\epstopdf-sys.cfg
File: epstopdf-sys.cfg 2021/03/18 v2.0 Configuration of epstopdf for MiKTeX
))
Package caption Info: Begin \AtBeginDocument code.
Package caption Info: End \AtBeginDocument code.
Package hyperref Info: Link coloring ON on input line 111.

(20260129_UL_RSMA_min_latency.out) (20260129_UL_RSMA_min_latency.out)
\@outlinefile=\write4
\openout4 = `20260129_UL_RSMA_min_latency.out'.

LaTeX Font Info:    Calculating math sizes for size <14> on input line 113.
LaTeX Font Info:    Trying to load font information for U+msa on input line 113
.

(C:\bin\MiKTeX\tex/latex/amsfonts\umsa.fd
File: umsa.fd 2013/01/14 v3.01 AMS symbols A
)
LaTeX Font Info:    Trying to load font information for U+msb on input line 113
.

(C:\bin\MiKTeX\tex/latex/amsfonts\umsb.fd
File: umsb.fd 2013/01/14 v3.01 AMS symbols B
)
LaTeX Font Info:    Trying to load font information for U+rsfs on input line 11
3.

(C:\bin\MiKTeX\tex/latex/jknappen\ursfs.fd
File: ursfs.fd 1998/03/24 rsfs font definition file (jk)
) [1{C:/Users/gherkin/AppData/Local/MiKTeX/fonts/map/pdftex/pdftex.map}] [2] [3
] [4]
Underfull \hbox (badness 10000) in paragraph at lines 282--283

 []

[5] Excluding 'comment' comment. [6] [7]
Package hyperref Info: bookmark level for unknown algorithm defaults to 0 on in
put line 496.

Underfull \hbox (badness 10000) in paragraph at lines 493--513

 []

[8] [9] [10] [11]
Overfull \hbox (21.24957pt too wide) detected at line 715
\OT1/cmr/m/n/12 ([])[][](\OML/cmm/m/it/12 ^^Q[] \OMS/cmsy/m/n/12 ^^@ \OML/cmm/m
/it/12 ^^Q[]\OT1/cmr/m/n/12 ) = \OML/cmm/m/it/12 []\OT1/cmr/m/n/12 (\OML/cmm/m
/it/12 ^^Q[] \OMS/cmsy/m/n/12 ^^@ \OML/cmm/m/it/12 ^^Q[]=n[]\OT1/cmr/m/n/12 ) =
 [] [] \OML/cmm/m/it/12 :
 []


Overfull \hbox (10.66628pt too wide) detected at line 746
\OT1/cmr/m/n/12 ([])[](\OML/cmm/m/it/12 ^^Q[] \OMS/cmsy/m/n/12 ^^@ \OML/cmm/m/i
t/12 ^^Q[]\OT1/cmr/m/n/12 ) = \OML/cmm/m/it/12 []\OT1/cmr/m/n/12 (\OML/cmm/m/i
t/12 ^^Q[] \OMS/cmsy/m/n/12 ^^@ \OML/cmm/m/it/12 ^^Q[]=n[]\OT1/cmr/m/n/12 ) = [
] [] \OML/cmm/m/it/12 :
 []

[12]
Overfull \hbox (9.05101pt too wide) detected at line 837
[][]
 []

<figs/fig_symbol_blklength.pdf, id=187, 635.90675pt x 151.75797pt>
File: figs/fig_symbol_blklength.pdf Graphic file (type pdf)
<use figs/fig_symbol_blklength.pdf>
Package pdftex.def Info: figs/fig_symbol_blklength.pdf  used on input line 851.

(pdftex.def)             Requested size: 407.66833pt x 97.2938pt.
[13] [14 <./figs/fig_symbol_blklength.pdf>]
Overfull \hbox (45.64352pt too wide) in paragraph at lines 881--882
[][] 
 []

[15]
Overfull \hbox (7.35132pt too wide) in paragraph at lines 937--939
\OT1/ptm/m/n/12 ([][]10[][]) can be solved by first fix-ing $\OT1/cmr/bx/n/12 F
[]$ \OT1/ptm/m/n/12 and find-ing $\OML/cmm/m/it/12 n[]$ \OT1/ptm/m/n/12 via ex-
haus-tive search be-tween $\OT1/cmr/m/n/12 [\OML/cmm/m/it/12 n[]; n[]\OT1/cmr/m
/n/12 ]$\OT1/ptm/m/n/12 .
 []


Overfull \hbox (62.46487pt too wide) detected at line 950
[]
 []


Overfull \hbox (32.63203pt too wide) in paragraph at lines 950--953
\OT1/ptm/m/n/12 where $\OMS/cmsy/m/n/12 C \OT1/cmr/m/n/12 = []$\OT1/ptm/m/n/12 
.
 []


Underfull \vbox (badness 1297) has occurred while \output is active []

 [16]
[17]

Package hyperref Warning: Token not allowed in a PDF string (Unicode):
(hyperref)                removing `math shift' on input line 1030.


Package hyperref Warning: Token not allowed in a PDF string (Unicode):
(hyperref)                removing `superscript' on input line 1030.


Package hyperref Warning: Token not allowed in a PDF string (Unicode):
(hyperref)                removing `math shift' on input line 1030.

[18] [19] [20]
Overfull \hbox (22.44038pt too wide) in paragraph at lines 1119--1145
 [][] 
 []


Underfull \vbox (badness 10000) has occurred while \output is active []

 [21]
Overfull \hbox (22.3308pt too wide) in paragraph at lines 1216--1226
[]$\OMS/cmsy/m/n/12 S[]   []\OT1/cmr/m/n/12 (\OML/cmm/m/it/12 f[]; \OT1/cmr/bx/
n/12 F[]\OML/cmm/m/it/12 ; n[]; n[]; \OT1/cmr/m/n/12 ^^A\OML/cmm/m/it/12 n[]; ^
^U[]; ^^U[]\OT1/cmr/m/n/12 )$ 
 []

[22]
Overfull \hbox (68.63998pt too wide) in paragraph at lines 1265--1280
[] $\OT1/cmr/m/n/12 (\OT1/cmr/bx/n/12 F[]\OML/cmm/m/it/12 ; ^^U[]; ^^U[]; R[]; 
c[]; c[]; \OMS/cmsy/m/n/12 L\OT1/cmr/m/n/12 ) \OMS/cmsy/m/n/12   []\OT1/cmr/m/n
/12 (\OML/cmm/m/it/12 f[]; \OT1/cmr/bx/n/12 F[]\OML/cmm/m/it/12 ; n[]; epochs; 
^^U[]; ^^U[]\OT1/cmr/m/n/12 )$ 
 []

[23] [24] [25] [26] [27] [28]
Underfull \hbox (badness 10000) in paragraph at lines 1557--1582

 []

[29]
Underfull \hbox (badness 10000) in paragraph at lines 1615--1638

 []


Underfull \vbox (badness 10000) has occurred while \output is active []

 [30]
Overfull \hbox (56.69658pt too wide) in paragraph at lines 1684--1695
[] $\OMS/cmsy/m/n/12 S[]   []\OT1/cmr/m/n/12 (\OML/cmm/m/it/12 f[]; \OT1/cmr/bx
/n/12 F[]\OML/cmm/m/it/12 ; n[]; n[]; \OT1/cmr/m/n/12 ^^A\OML/cmm/m/it/12 n[]; 
^^U[]; ^^U[]\OT1/cmr/m/n/12 )$ 
 []


Underfull \vbox (badness 10000) has occurred while \output is active []

 [31]
[32] [33] (20260129_UL_RSMA_min_latency.aux)

LaTeX Warning: There were multiply-defined labels.

Package rerunfilecheck Info: File `20260129_UL_RSMA_min_latency.out' has not ch
anged.
(rerunfilecheck)             Checksum: E852CEE7248C5BFCB18B64E74594A67B;4830.
 ) 
Here is how much of TeX's memory you used:
 17569 strings out of 475243
 296128 string characters out of 2787392
 660001 words of memory out of 3000000
 38719 multiletter control sequences out of 15000+600000
 520542 words of font info for 142 fonts, out of 8000000 for 9000
 1141 hyphenation exceptions out of 8191
 72i,19n,77p,765b,576s stack positions out of 10000i,1000n,20000p,200000b,80000s
{C:/bin/MiKTeX/fonts/enc/dvips/base/8r.enc}<C:/bin/MiKTeX/fonts/type1/public/
amsfonts/cm/cmbx12.pfb><C:/bin/MiKTeX/fonts/type1/public/amsfonts/cm/cmbx8.pfb>
<C:/bin/MiKTeX/fonts/type1/public/amsfonts/cm/cmex10.pfb><C:/bin/MiKTeX/fonts/t
ype1/public/amsfonts/cm/cmmi12.pfb><C:/bin/MiKTeX/fonts/type1/public/amsfonts/c
m/cmmi6.pfb><C:/bin/MiKTeX/fonts/type1/public/amsfonts/cm/cmmi8.pfb><C:/bin/MiK
TeX/fonts/type1/public/amsfonts/cm/cmmib10.pfb><C:/bin/MiKTeX/fonts/type1/publi
c/amsfonts/cmextra/cmmib8.pfb><C:/bin/MiKTeX/fonts/type1/public/amsfonts/cm/cmr
12.pfb><C:/bin/MiKTeX/fonts/type1/public/amsfonts/cm/cmr6.pfb><C:/bin/MiKTeX/fo
nts/type1/public/amsfonts/cm/cmr8.pfb><C:/bin/MiKTeX/fonts/type1/public/amsfont
s/cm/cmsy10.pfb><C:/bin/MiKTeX/fonts/type1/public/amsfonts/cm/cmsy6.pfb><C:/bin
/MiKTeX/fonts/type1/public/amsfonts/cm/cmsy8.pfb><C:/bin/MiKTeX/fonts/type1/pub
lic/amsfonts/symbols/msam10.pfb><C:/bin/MiKTeX/fonts/type1/public/amsfonts/symb
ols/msbm10.pfb><C:/bin/MiKTeX/fonts/type1/public/urw-base35/utmb8a.pfb><C:/bin/
MiKTeX/fonts/type1/public/urw-base35/utmr8a.pfb><C:/bin/MiKTeX/fonts/type1/publ
ic/urw-base35/utmri8a.pfb>
Output written on 20260129_UL_RSMA_min_latency.pdf (33 pages, 390233 bytes).
PDF statistics:
 430 PDF objects out of 1000 (max. 8388607)
 96 named destinations out of 1000 (max. 500000)
 134 words of extra memory for PDF output out of 10000 (max. 10000000)

